******************************************************************************
                  TI ARM Linker PC v5.2.5                      
******************************************************************************
>> Linked Mon Dec 23 16:16:23 2019

OUTPUT FILE NAME:   <Sine_wave_TFT.out>
ENTRY POINT SYMBOL: "_c_int00"  address: 00003bf1


MEMORY CONFIGURATION

         name            origin    length      used     unused   attr    fill
----------------------  --------  ---------  --------  --------  ----  --------
  FLASH                 00000000   00100000  00004ee2  000fb11e  R  X
  SRAM                  20000000   00040000  0000054c  0003fab4  RW X


SEGMENT ALLOCATION MAP

run origin  load origin   length   init length attrs members
----------  ----------- ---------- ----------- ----- -------
00000000    00000000    00004ee8   00004ee8    r-x
  00000000    00000000    00000208   00000208    r-- .intvecs
  00000208    00000208    00003f3a   00003f3a    r-x .text
  00004144    00004144    00000ab8   00000ab8    r-- .const
  00004c00    00004c00    000002e8   000002e8    r-- .cinit
20000000    20000000    0000054c   00000000    rw-
  20000000    20000000    00000340   00000000    rw- .data
  20000340    20000340    00000200   00000000    rw- .stack
  20000540    20000540    0000000c   00000000    rw- .bss


SECTION ALLOCATION MAP

 output                                  attributes/
section   page    origin      length       input sections
--------  ----  ----------  ----------   ----------------
.intvecs   0    00000000    00000208     
                  00000000    00000208     tm4c1294ncpdt_startup_ccs.obj (.intvecs)

.text      0    00000208    00003f3a     
                  00000208    000010cc     TFT_400x240_OTM4001A_16bit.obj (.text)
                  000012d4    00000fc4     Sine_wave.obj (.text)
                  00002298    00000804     IQmathLib.lib : IQtables.obj (.text:sincos_table)
                  00002a9c    0000049c     uartstdio.obj (.text)
                  00002f38    000003d8     TOUCH_TSC2046.obj (.text)
                  00003310    000001fc     driverlib.lib : sysctl.obj (.text:SysCtlClockFreqSet)
                  0000350c    00000144     EPIinit.obj (.text)
                  00003650    00000130     driverlib.lib : gpio.obj (.text:GPIOPadConfigSet)
                  00003780    000000b8     IQmathLib.lib : IQNcos.obj (.text:_IQ24cos)
                  00003838    000000b4                   : IQNsin.obj (.text:_IQ24sin)
                  000038ec    0000009c     rtsv7M4_T_le_v4SPD16_eabi.lib : memcpy_t2.obj (.text)
                  00003988    0000007a                                   : memset_t2.obj (.text)
                  00003a02    00000002                                   : i_div0.obj (.text)
                  00003a04    0000006c                                   : autoinit.obj (.text)
                  00003a70    0000006a                                   : copy_decompress_rle.obj (.text)
                  00003ada    00000002     --HOLE-- [fill = 0]
                  00003adc    00000060     driverlib.lib : interrupt.obj (.text:IntEnable)
                  00003b3c    0000005c                   : timer.obj (.text:TimerConfigure)
                  00003b98    00000056                   : gpio.obj (.text:GPIOIntTypeSet)
                  00003bee    00000002     --HOLE-- [fill = 0]
                  00003bf0    00000050     rtsv7M4_T_le_v4SPD16_eabi.lib : boot.obj (.text)
                  00003c40    0000004c                                   : cpy_tbl.obj (.text)
                  00003c8c    00000048     driverlib.lib : gpio.obj (.text:GPIOPinConfigure)
                  00003cd4    00000048                   : sysctl.obj (.text:_SysCtlFrequencyGet)
                  00003d1c    00000044     rtsv7M4_T_le_v4SPD16_eabi.lib : exit.obj (.text)
                  00003d60    00000042     driverlib.lib : ssi.obj (.text:SSIConfigSetExpClk)
                  00003da2    00000040                   : uart.obj (.text:UARTConfigSetExpClk)
                  00003de2    00000040     rtsv7M4_T_le_v4SPD16_eabi.lib : u_divt2.obj (.text)
                  00003e22    00000002     --HOLE-- [fill = 0]
                  00003e24    00000034     driverlib.lib : sysctl.obj (.text:SysCtlPeripheralEnable)
                  00003e58    00000034                   : sysctl.obj (.text:SysCtlPeripheralPresent)
                  00003e8c    0000002a                   : gpio.obj (.text:GPIODirModeSet)
                  00003eb6    00000002     --HOLE-- [fill = 0]
                  00003eb8    00000024                   : interrupt.obj (.text:IntPrioritySet)
                  00003edc    00000022                   : epi.obj (.text:EPIConfigHB16Set)
                  00003efe    00000002     --HOLE-- [fill = 0]
                  00003f00    0000001c                   : sysctl.obj (.text:SysCtlGPIOAHBEnable)
                  00003f1c    0000001c                   : uart.obj (.text:UARTDisable)
                  00003f38    0000001c                   : sysctl.obj (.text:_SysCtlMemTimingGet)
                  00003f54    00000018                   : gpio.obj (.text:GPIOPinTypeGPIOOutput)
                  00003f6c    00000018     rtsv7M4_T_le_v4SPD16_eabi.lib : args_main.obj (.text)
                  00003f84    00000014     driverlib.lib : systick.obj (.text:SysTickEnable)
                  00003f98    00000014                   : systick.obj (.text:SysTickIntEnable)
                  00003fac    00000014                   : timer.obj (.text:TimerDisable)
                  00003fc0    00000014                   : uart.obj (.text:UARTEnable)
                  00003fd4    00000014     rtsv7M4_T_le_v4SPD16_eabi.lib : _lock.obj (.text)
                  00003fe8    00000012     driverlib.lib : gpio.obj (.text:GPIOPinTypeEPI)
                  00003ffa    00000012                   : gpio.obj (.text:GPIOPinTypeGPIOInput)
                  0000400c    00000012                   : gpio.obj (.text:GPIOPinTypeSSI)
                  0000401e    00000012                   : gpio.obj (.text:GPIOPinTypeUART)
                  00004030    00000012                   : ssi.obj (.text:SSIDataGetNonBlocking)
                  00004042    00000012                   : timer.obj (.text:TimerLoadSet)
                  00004054    00000010                   : fpu.obj (.text:FPUEnable)
                  00004064    00000010                   : fpu.obj (.text:FPULazyStackingEnable)
                  00004074    00000010                   : systick.obj (.text:SysTickPeriodSet)
                  00004084    00000010     IQmathLib.lib : IQNmpy.obj (.text:_IQ24mpy)
                  00004094    0000000e     driverlib.lib : timer.obj (.text:TimerEnable)
                  000040a2    0000000e     rtsv7M4_T_le_v4SPD16_eabi.lib : copy_decompress_none.obj (.text:decompress:none)
                  000040b0    0000000c     driverlib.lib : cpu.obj (.text:CPUcpsie)
                  000040bc    0000000c                   : gpio.obj (.text:GPIOIntEnable)
                  000040c8    0000000c     rtsv7M4_T_le_v4SPD16_eabi.lib : copy_zero_init.obj (.text:decompress:ZI)
                  000040d4    0000000c     tm4c1294ncpdt_startup_ccs.obj (.text)
                  000040e0    0000000a     driverlib.lib : interrupt.obj (.text:IntMasterEnable)
                  000040ea    0000000a                   : ssi.obj (.text:SSIEnable)
                  000040f4    0000000a                   : timer.obj (.text:TimerIntStatus)
                  000040fe    0000000a                   : uart.obj (.text:UARTCharGet)
                  00004108    0000000a                   : uart.obj (.text:UARTCharPut)
                  00004112    00000008                   : timer.obj (.text:TimerIntEnable)
                  0000411a    00000006                   : gpio.obj (.text:GPIOPinRead)
                  00004120    00000006                   : gpio.obj (.text:GPIOPinWrite)
                  00004126    00000006                   : sysctl.obj (.text:SysCtlDelay)
                  0000412c    00000006     rtsv7M4_T_le_v4SPD16_eabi.lib : copy_decompress_rle.obj (.text:decompress:rle24)
                  00004132    00000004     driverlib.lib : epi.obj (.text:EPIAddressMapSet)
                  00004136    00000004                   : epi.obj (.text:EPIModeSet)
                  0000413a    00000004                   : timer.obj (.text:TimerIntClear)
                  0000413e    00000004     rtsv7M4_T_le_v4SPD16_eabi.lib : pre_init.obj (.text)

.const     0    00004144    00000ab8     
                  00004144    00000600     TFT_400x240_OTM4001A_16bit.obj (.const:asc2_1608)
                  00004744    00000120     TFT_400x240_OTM4001A_16bit.obj (.const:LCD_HZK_TBL)
                  00004864    00000120     driverlib.lib : sysctl.obj (.const:g_pppui32XTALtoVCO)
                  00004984    0000009c                   : interrupt.obj (.const:g_pui32Regs)
                  00004a20    00000090                   : gpio.obj (.const:g_pui32GPIOBaseAddrs)
                  00004ab0    00000070                   : interrupt.obj (.const)
                  00004b20    0000006c                   : sysctl.obj (.const:g_pui32Xtals)
                  00004b8c    00000030                   : sysctl.obj (.const:g_sXTALtoMEMTIM)
                  00004bbc    0000001c     uartstdio.obj (.const)
                  00004bd8    00000012     uartstdio.obj (.const:.string)
                  00004bea    00000008     Sine_wave.obj (.const:.string)
                  00004bf2    00000002     --HOLE-- [fill = 0]
                  00004bf4    00000008     driverlib.lib : sysctl.obj (.const)

.cinit     0    00004c00    000002e8     
                  00004c00    000002c4     (.cinit..data.load) [load image, compression = rle]
                  00004ec4    0000000c     (__TI_handler_table)
                  00004ed0    00000008     (.cinit..bss.load) [load image, compression = zero_init]
                  00004ed8    00000010     (__TI_cinit_table)

.init_array 
*          0    00000000    00000000     UNINITIALIZED

.data      0    20000000    00000340     UNINITIALIZED
                  20000000    000001c0     Sine_wave.obj (.data:friend)
                  200001c0    00000118     Sine_wave.obj (.data:star)
                  200002d8    00000044     Sine_wave.obj (.data)
                  2000031c    00000008     TFT_400x240_OTM4001A_16bit.obj (.data)
                  20000324    00000008     rtsv7M4_T_le_v4SPD16_eabi.lib : _lock.obj (.data)
                  2000032c    00000008                                   : exit.obj (.data)
                  20000334    00000005     uartstdio.obj (.data)
                  20000339    00000003     --HOLE--
                  2000033c    00000004     rtsv7M4_T_le_v4SPD16_eabi.lib : stkdepth_vars.obj (.data)

.TI.persistent 
*          0    20000000    00000000     UNINITIALIZED

.stack     0    20000340    00000200     UNINITIALIZED
                  20000340    00000200     --HOLE--

.bss       0    20000540    0000000c     UNINITIALIZED
                  20000540    00000004     (.common:g_ui32SysClock)
                  20000544    00000004     (.common:g_ulTickCount)
                  20000548    00000004     (.common:loadvalue)

.TI.noinit 
*          0    20000540    00000000     UNINITIALIZED


LINKER GENERATED COPY TABLES

__TI_cinit_table @ 00004ed8 records: 2, size/record: 8, table size: 16
	.data: load addr=00004c00, load size=000002c4 bytes, run addr=20000000, run size=00000340 bytes, compression=rle
	.bss: load addr=00004ed0, load size=00000008 bytes, run addr=20000540, run size=0000000c bytes, compression=zero_init


LINKER GENERATED HANDLER TABLE

__TI_handler_table @ 00004ec4 records: 3, size/record: 4, table size: 12
	index: 0, handler: __TI_decompress_rle24
	index: 1, handler: __TI_decompress_none
	index: 2, handler: __TI_zero_init


GLOBAL SYMBOLS: SORTED ALPHABETICALLY BY Name 

address   name                     
-------   ----                     
00003d1d  C$$EXIT                  
000040b1  CPUcpsie                 
000018a5  ConfigureUART            
00004133  EPIAddressMapSet         
00003edd  EPIConfigHB16Set         
0000350d  EPIGPIOinit              
00004137  EPIModeSet               
00004055  FPUEnable                
00004065  FPULazyStackingEnable    
00003e8d  GPIODirModeSet           
00001ae5  GPIOInitial              
000040bd  GPIOIntEnable            
00001b4d  GPIOIntInitial           
00003b99  GPIOIntTypeSet           
00003651  GPIOPadConfigSet         
00003c8d  GPIOPinConfigure         
0000411b  GPIOPinRead              
00003fe9  GPIOPinTypeEPI           
00003ffb  GPIOPinTypeGPIOInput     
00003f55  GPIOPinTypeGPIOOutput    
0000400d  GPIOPinTypeSSI           
0000401f  GPIOPinTypeUART          
00004121  GPIOPinWrite             
000017f5  I2C0DeviceInit           
000017e3  I2C0GPIOBEnable          
00001867  I2C0TubeHighSet          
00001843  I2C0TubeLowSet           
0000181f  I2C0TubeSelSet           
00001501  I2C_GetACK               
0000149f  I2C_Initial              
200002dc  I2C_RECV_DATA            
00001601  I2C_RxByte               
000014ab  I2C_START                
00001433  I2C_STOP                 
00001561  I2C_SetNAk               
00001407  I2C_Set_scl_high         
0000141d  I2C_Set_scl_low          
000013db  I2C_Set_sda_high         
000013f1  I2C_Set_sda_low          
0000158d  I2C_TxByte               
00000295  InitGPIOLCDInterface     
00003add  IntEnable                
000032fb  IntGPIOb                 
000040e1  IntMasterEnable          
00003eb9  IntPrioritySet           
00004744  LCD_HZK_TBL              
00000d7b  LCD_Show_Font            
000040d5  ResetISR                 
UNDEFED   SHT$$INIT_ARRAY$$Base    
UNDEFED   SHT$$INIT_ARRAY$$Limit   
00003d61  SSIConfigSetExpClk       
00004031  SSIDataGetNonBlocking    
000040eb  SSIEnable                
00002f39  SSIinit                  
00003087  SoftSPI_GetData          
00003007  SoftSPI_PutData          
00002fa1  SoftSPIinit              
000019b5  Sound                    
00003311  SysCtlClockFreqSet       
00004127  SysCtlDelay              
00003f01  SysCtlGPIOAHBEnable      
00003e25  SysCtlPeripheralEnable   
00003e59  SysCtlPeripheralPresent  
00003f85  SysTickEnable            
00003f99  SysTickIntEnable         
0000188b  SysTickIntHandler        
00004075  SysTickPeriodSet         
00000f4d  TFTLCD_CLEAR             
000018db  TFTLCD_DrawCircle        
0000110d  TFTLCD_DrawHorizontalLine
00000d59  TFTLCD_DrawPoint         
00001157  TFTLCD_DrawVerticalLine  
00000353  TFTLCD_EnterSleep        
000003d3  TFTLCD_ExitSleep         
00000f9d  TFTLCD_FillBlock         
00000c8d  TFTLCD_REFRESH_GRAM      
00000ca1  TFTLCD_SetPos            
00000e57  TFTLCD_ShowChar          
00001005  TFTLCD_ShowData          
000011a1  TFTLCD_ShowPicture       
00000ee7  TFTLCD_ShowString        
00000489  TFT_400x240_OTM4001Ainit 
00003271  TOUCH_PointAdjust        
00003239  TOUCH_TSC2046init        
00001bd1  Timer0BIntHandler        
00003b3d  TimerConfigure           
00003fad  TimerDisable             
00004095  TimerEnable              
0000413b  TimerIntClear            
00004113  TimerIntEnable           
00001ba1  TimerIntInitial          
000040f5  TimerIntStatus           
00004043  TimerLoadSet             
00002fd3  TouchInit                
000040ff  UARTCharGet              
00004109  UARTCharPut              
00003da3  UARTConfigSetExpClk      
00003f1d  UARTDisable              
00003fc1  UARTEnable               
000013ad  UARTSend                 
00002a9d  UARTStdioConfig          
00002be3  UARTgetc                 
00002b29  UARTgets                 
00002f03  UARTprintf               
00002c09  UARTvprintf              
00002ae3  UARTwrite                
20000320  WriteCommand             
2000031c  WriteData                
00003781  _IQ24cos                 
00004085  _IQ24mpy                 
00003839  _IQ24sin                 
20000540  __STACK_END              
00000200  __STACK_SIZE             
20000540  __STACK_TOP              
00004ed8  __TI_CINIT_Base          
00004ee8  __TI_CINIT_Limit         
00004ec4  __TI_Handler_Table_Base  
00004ed0  __TI_Handler_Table_Limit 
00003a05  __TI_auto_init           
2000032c  __TI_cleanup_ptr         
000040a3  __TI_decompress_none     
0000412d  __TI_decompress_rle24    
20000330  __TI_dtors_ptr           
00000000  __TI_static_base__       
000040c9  __TI_zero_init           
00003a03  __aeabi_idiv0            
00003989  __aeabi_memclr           
00003989  __aeabi_memclr4          
00003989  __aeabi_memclr8          
000038ed  __aeabi_memcpy           
000038ed  __aeabi_memcpy4          
000038ed  __aeabi_memcpy8          
0000398b  __aeabi_memset           
0000398b  __aeabi_memset4          
0000398b  __aeabi_memset8          
00003de3  __aeabi_uidiv            
00003de3  __aeabi_uidivmod         
ffffffff  __binit__                
ffffffff  __c_args__               
20000340  __stack                  
00003f6d  _args_main               
00003bf1  _c_int00                 
20000324  _lock                    
00003fe3  _nop                     
00003fdb  _register_lock           
00003fd5  _register_unlock         
0000413f  _system_pre_init         
20000328  _unlock                  
200002e4  a                        
00003d21  abort                    
00004144  asc2_1608                
ffffffff  binit                    
00003c41  copy_in                  
00003d29  exit                     
200002d8  f                        
20000300  ff                       
20000000  friend                   
00000000  g_pfnVectors             
20000540  g_ui32SysClock           
00001717  i2c_read                 
0000166d  i2c_write                
20000548  loadvalue                
00001c61  main                     
2000033c  main_func_sp             
000038ed  memcpy                   
00003991  memset                   
000012d5  myhandermyhandler        
00002298  sincos_table             
200001c0  star                     
00001a47  starSound                
00003119  touch_getx               
000031a9  touch_gety               


GLOBAL SYMBOLS: SORTED BY Symbol Address 

address   name                     
-------   ----                     
00000000  __TI_static_base__       
00000000  g_pfnVectors             
00000200  __STACK_SIZE             
00000295  InitGPIOLCDInterface     
00000353  TFTLCD_EnterSleep        
000003d3  TFTLCD_ExitSleep         
00000489  TFT_400x240_OTM4001Ainit 
00000c8d  TFTLCD_REFRESH_GRAM      
00000ca1  TFTLCD_SetPos            
00000d59  TFTLCD_DrawPoint         
00000d7b  LCD_Show_Font            
00000e57  TFTLCD_ShowChar          
00000ee7  TFTLCD_ShowString        
00000f4d  TFTLCD_CLEAR             
00000f9d  TFTLCD_FillBlock         
00001005  TFTLCD_ShowData          
0000110d  TFTLCD_DrawHorizontalLine
00001157  TFTLCD_DrawVerticalLine  
000011a1  TFTLCD_ShowPicture       
000012d5  myhandermyhandler        
000013ad  UARTSend                 
000013db  I2C_Set_sda_high         
000013f1  I2C_Set_sda_low          
00001407  I2C_Set_scl_high         
0000141d  I2C_Set_scl_low          
00001433  I2C_STOP                 
0000149f  I2C_Initial              
000014ab  I2C_START                
00001501  I2C_GetACK               
00001561  I2C_SetNAk               
0000158d  I2C_TxByte               
00001601  I2C_RxByte               
0000166d  i2c_write                
00001717  i2c_read                 
000017e3  I2C0GPIOBEnable          
000017f5  I2C0DeviceInit           
0000181f  I2C0TubeSelSet           
00001843  I2C0TubeLowSet           
00001867  I2C0TubeHighSet          
0000188b  SysTickIntHandler        
000018a5  ConfigureUART            
000018db  TFTLCD_DrawCircle        
000019b5  Sound                    
00001a47  starSound                
00001ae5  GPIOInitial              
00001b4d  GPIOIntInitial           
00001ba1  TimerIntInitial          
00001bd1  Timer0BIntHandler        
00001c61  main                     
00002298  sincos_table             
00002a9d  UARTStdioConfig          
00002ae3  UARTwrite                
00002b29  UARTgets                 
00002be3  UARTgetc                 
00002c09  UARTvprintf              
00002f03  UARTprintf               
00002f39  SSIinit                  
00002fa1  SoftSPIinit              
00002fd3  TouchInit                
00003007  SoftSPI_PutData          
00003087  SoftSPI_GetData          
00003119  touch_getx               
000031a9  touch_gety               
00003239  TOUCH_TSC2046init        
00003271  TOUCH_PointAdjust        
000032fb  IntGPIOb                 
00003311  SysCtlClockFreqSet       
0000350d  EPIGPIOinit              
00003651  GPIOPadConfigSet         
00003781  _IQ24cos                 
00003839  _IQ24sin                 
000038ed  __aeabi_memcpy           
000038ed  __aeabi_memcpy4          
000038ed  __aeabi_memcpy8          
000038ed  memcpy                   
00003989  __aeabi_memclr           
00003989  __aeabi_memclr4          
00003989  __aeabi_memclr8          
0000398b  __aeabi_memset           
0000398b  __aeabi_memset4          
0000398b  __aeabi_memset8          
00003991  memset                   
00003a03  __aeabi_idiv0            
00003a05  __TI_auto_init           
00003add  IntEnable                
00003b3d  TimerConfigure           
00003b99  GPIOIntTypeSet           
00003bf1  _c_int00                 
00003c41  copy_in                  
00003c8d  GPIOPinConfigure         
00003d1d  C$$EXIT                  
00003d21  abort                    
00003d29  exit                     
00003d61  SSIConfigSetExpClk       
00003da3  UARTConfigSetExpClk      
00003de3  __aeabi_uidiv            
00003de3  __aeabi_uidivmod         
00003e25  SysCtlPeripheralEnable   
00003e59  SysCtlPeripheralPresent  
00003e8d  GPIODirModeSet           
00003eb9  IntPrioritySet           
00003edd  EPIConfigHB16Set         
00003f01  SysCtlGPIOAHBEnable      
00003f1d  UARTDisable              
00003f55  GPIOPinTypeGPIOOutput    
00003f6d  _args_main               
00003f85  SysTickEnable            
00003f99  SysTickIntEnable         
00003fad  TimerDisable             
00003fc1  UARTEnable               
00003fd5  _register_unlock         
00003fdb  _register_lock           
00003fe3  _nop                     
00003fe9  GPIOPinTypeEPI           
00003ffb  GPIOPinTypeGPIOInput     
0000400d  GPIOPinTypeSSI           
0000401f  GPIOPinTypeUART          
00004031  SSIDataGetNonBlocking    
00004043  TimerLoadSet             
00004055  FPUEnable                
00004065  FPULazyStackingEnable    
00004075  SysTickPeriodSet         
00004085  _IQ24mpy                 
00004095  TimerEnable              
000040a3  __TI_decompress_none     
000040b1  CPUcpsie                 
000040bd  GPIOIntEnable            
000040c9  __TI_zero_init           
000040d5  ResetISR                 
000040e1  IntMasterEnable          
000040eb  SSIEnable                
000040f5  TimerIntStatus           
000040ff  UARTCharGet              
00004109  UARTCharPut              
00004113  TimerIntEnable           
0000411b  GPIOPinRead              
00004121  GPIOPinWrite             
00004127  SysCtlDelay              
0000412d  __TI_decompress_rle24    
00004133  EPIAddressMapSet         
00004137  EPIModeSet               
0000413b  TimerIntClear            
0000413f  _system_pre_init         
00004144  asc2_1608                
00004744  LCD_HZK_TBL              
00004ec4  __TI_Handler_Table_Base  
00004ed0  __TI_Handler_Table_Limit 
00004ed8  __TI_CINIT_Base          
00004ee8  __TI_CINIT_Limit         
20000000  friend                   
200001c0  star                     
200002d8  f                        
200002dc  I2C_RECV_DATA            
200002e4  a                        
20000300  ff                       
2000031c  WriteData                
20000320  WriteCommand             
20000324  _lock                    
20000328  _unlock                  
2000032c  __TI_cleanup_ptr         
20000330  __TI_dtors_ptr           
2000033c  main_func_sp             
20000340  __stack                  
20000540  __STACK_END              
20000540  __STACK_TOP              
20000540  g_ui32SysClock           
20000548  loadvalue                
ffffffff  __binit__                
ffffffff  __c_args__               
ffffffff  binit                    
UNDEFED   SHT$$INIT_ARRAY$$Base    
UNDEFED   SHT$$INIT_ARRAY$$Limit   

[172 symbols]
