<?xml version="1.0"?>
<link_info>
   <banner>TI ARM Linker PC v5.2.5</banner>
   <copyright>Copyright (c) 1996-2015 Texas Instruments Incorporated</copyright>
   <link_time>0x5e0077d7</link_time>
   <link_errors>0x0</link_errors>
   <output_file>Sine_wave_TFT.out</output_file>
   <entry_point>
      <name>_c_int00</name>
      <address>0x3bf1</address>
   </entry_point>
   <input_file_list>
      <input_file id="fl-2">
         <path>.\</path>
         <kind>object</kind>
         <file>Sine_wave.obj</file>
         <name>Sine_wave.obj</name>
      </input_file>
      <input_file id="fl-3">
         <path>.\</path>
         <kind>object</kind>
         <file>tm4c1294ncpdt_startup_ccs.obj</file>
         <name>tm4c1294ncpdt_startup_ccs.obj</name>
      </input_file>
      <input_file id="fl-4">
         <path>.\</path>
         <kind>object</kind>
         <file>uartstdio.obj</file>
         <name>uartstdio.obj</name>
      </input_file>
      <input_file id="fl-5">
         <path>.\EPIinit\</path>
         <kind>object</kind>
         <file>EPIinit.obj</file>
         <name>EPIinit.obj</name>
      </input_file>
      <input_file id="fl-6">
         <path>.\TFTinit\</path>
         <kind>object</kind>
         <file>TFT_400x240_OTM4001A_16bit.obj</file>
         <name>TFT_400x240_OTM4001A_16bit.obj</name>
      </input_file>
      <input_file id="fl-7">
         <path>.\TOUCHinit\</path>
         <kind>object</kind>
         <file>TOUCH_TSC2046.obj</file>
         <name>TOUCH_TSC2046.obj</name>
      </input_file>
      <input_file id="fl-f">
         <path>..\</path>
         <kind>archive</kind>
         <file>driverlib.lib</file>
         <name>uart.obj</name>
      </input_file>
      <input_file id="fl-10">
         <path>..\</path>
         <kind>archive</kind>
         <file>driverlib.lib</file>
         <name>timer.obj</name>
      </input_file>
      <input_file id="fl-11">
         <path>..\</path>
         <kind>archive</kind>
         <file>driverlib.lib</file>
         <name>systick.obj</name>
      </input_file>
      <input_file id="fl-12">
         <path>..\</path>
         <kind>archive</kind>
         <file>driverlib.lib</file>
         <name>sysctl.obj</name>
      </input_file>
      <input_file id="fl-13">
         <path>..\</path>
         <kind>archive</kind>
         <file>driverlib.lib</file>
         <name>ssi.obj</name>
      </input_file>
      <input_file id="fl-14">
         <path>..\</path>
         <kind>archive</kind>
         <file>driverlib.lib</file>
         <name>interrupt.obj</name>
      </input_file>
      <input_file id="fl-15">
         <path>..\</path>
         <kind>archive</kind>
         <file>driverlib.lib</file>
         <name>gpio.obj</name>
      </input_file>
      <input_file id="fl-16">
         <path>..\</path>
         <kind>archive</kind>
         <file>driverlib.lib</file>
         <name>fpu.obj</name>
      </input_file>
      <input_file id="fl-17">
         <path>..\</path>
         <kind>archive</kind>
         <file>driverlib.lib</file>
         <name>epi.obj</name>
      </input_file>
      <input_file id="fl-18">
         <path>..\</path>
         <kind>archive</kind>
         <file>driverlib.lib</file>
         <name>cpu.obj</name>
      </input_file>
      <input_file id="fl-13a">
         <path>C:\ti\ccsv6\tools\compiler\ti-cgt-arm_5.2.5\lib\</path>
         <kind>archive</kind>
         <file>rtsv7M4_T_le_v4SPD16_eabi.lib</file>
         <name>_lock.obj</name>
      </input_file>
      <input_file id="fl-13b">
         <path>C:\ti\ccsv6\tools\compiler\ti-cgt-arm_5.2.5\lib\</path>
         <kind>archive</kind>
         <file>rtsv7M4_T_le_v4SPD16_eabi.lib</file>
         <name>boot.obj</name>
      </input_file>
      <input_file id="fl-13c">
         <path>C:\ti\ccsv6\tools\compiler\ti-cgt-arm_5.2.5\lib\</path>
         <kind>archive</kind>
         <file>rtsv7M4_T_le_v4SPD16_eabi.lib</file>
         <name>copy_decompress_none.obj</name>
      </input_file>
      <input_file id="fl-13d">
         <path>C:\ti\ccsv6\tools\compiler\ti-cgt-arm_5.2.5\lib\</path>
         <kind>archive</kind>
         <file>rtsv7M4_T_le_v4SPD16_eabi.lib</file>
         <name>copy_decompress_rle.obj</name>
      </input_file>
      <input_file id="fl-13e">
         <path>C:\ti\ccsv6\tools\compiler\ti-cgt-arm_5.2.5\lib\</path>
         <kind>archive</kind>
         <file>rtsv7M4_T_le_v4SPD16_eabi.lib</file>
         <name>copy_zero_init.obj</name>
      </input_file>
      <input_file id="fl-13f">
         <path>C:\ti\ccsv6\tools\compiler\ti-cgt-arm_5.2.5\lib\</path>
         <kind>archive</kind>
         <file>rtsv7M4_T_le_v4SPD16_eabi.lib</file>
         <name>exit.obj</name>
      </input_file>
      <input_file id="fl-140">
         <path>C:\ti\ccsv6\tools\compiler\ti-cgt-arm_5.2.5\lib\</path>
         <kind>archive</kind>
         <file>rtsv7M4_T_le_v4SPD16_eabi.lib</file>
         <name>memcpy_t2.obj</name>
      </input_file>
      <input_file id="fl-141">
         <path>C:\ti\ccsv6\tools\compiler\ti-cgt-arm_5.2.5\lib\</path>
         <kind>archive</kind>
         <file>rtsv7M4_T_le_v4SPD16_eabi.lib</file>
         <name>memset_t2.obj</name>
      </input_file>
      <input_file id="fl-142">
         <path>C:\ti\ccsv6\tools\compiler\ti-cgt-arm_5.2.5\lib\</path>
         <kind>archive</kind>
         <file>rtsv7M4_T_le_v4SPD16_eabi.lib</file>
         <name>pre_init.obj</name>
      </input_file>
      <input_file id="fl-143">
         <path>C:\ti\ccsv6\tools\compiler\ti-cgt-arm_5.2.5\lib\</path>
         <kind>archive</kind>
         <file>rtsv7M4_T_le_v4SPD16_eabi.lib</file>
         <name>stkdepth_vars.obj</name>
      </input_file>
      <input_file id="fl-144">
         <path>C:\ti\ccsv6\tools\compiler\ti-cgt-arm_5.2.5\lib\</path>
         <kind>archive</kind>
         <file>rtsv7M4_T_le_v4SPD16_eabi.lib</file>
         <name>u_divt2.obj</name>
      </input_file>
      <input_file id="fl-145">
         <path>C:\ti\ccsv6\tools\compiler\ti-cgt-arm_5.2.5\lib\</path>
         <kind>archive</kind>
         <file>rtsv7M4_T_le_v4SPD16_eabi.lib</file>
         <name>args_main.obj</name>
      </input_file>
      <input_file id="fl-146">
         <path>C:\ti\ccsv6\tools\compiler\ti-cgt-arm_5.2.5\lib\</path>
         <kind>archive</kind>
         <file>rtsv7M4_T_le_v4SPD16_eabi.lib</file>
         <name>autoinit.obj</name>
      </input_file>
      <input_file id="fl-147">
         <path>C:\ti\ccsv6\tools\compiler\ti-cgt-arm_5.2.5\lib\</path>
         <kind>archive</kind>
         <file>rtsv7M4_T_le_v4SPD16_eabi.lib</file>
         <name>cpy_tbl.obj</name>
      </input_file>
      <input_file id="fl-148">
         <path>C:\ti\ccsv6\tools\compiler\ti-cgt-arm_5.2.5\lib\</path>
         <kind>archive</kind>
         <file>rtsv7M4_T_le_v4SPD16_eabi.lib</file>
         <name>i_div0.obj</name>
      </input_file>
      <input_file id="fl-149">
         <path>C:\ti\TivaWare_C_Series-2.1.0.12573\IQmath\ccs\IQmathLib\Debug\</path>
         <kind>archive</kind>
         <file>IQmathLib.lib</file>
         <name>IQNsin.obj</name>
      </input_file>
      <input_file id="fl-14a">
         <path>C:\ti\TivaWare_C_Series-2.1.0.12573\IQmath\ccs\IQmathLib\Debug\</path>
         <kind>archive</kind>
         <file>IQmathLib.lib</file>
         <name>IQNmpy.obj</name>
      </input_file>
      <input_file id="fl-14b">
         <path>C:\ti\TivaWare_C_Series-2.1.0.12573\IQmath\ccs\IQmathLib\Debug\</path>
         <kind>archive</kind>
         <file>IQmathLib.lib</file>
         <name>IQNcos.obj</name>
      </input_file>
      <input_file id="fl-14c">
         <path>C:\ti\TivaWare_C_Series-2.1.0.12573\IQmath\ccs\IQmathLib\Debug\</path>
         <kind>archive</kind>
         <file>IQmathLib.lib</file>
         <name>IQtables.obj</name>
      </input_file>
   </input_file_list>
   <object_component_list>
      <object_component id="oc-f">
         <name>.intvecs</name>
         <load_address>0x0</load_address>
         <run_address>0x0</run_address>
         <size>0x208</size>
         <input_file_ref idref="fl-3"/>
      </object_component>
      <object_component id="oc-cd">
         <name>.text</name>
         <load_address>0x208</load_address>
         <run_address>0x208</run_address>
         <size>0x10cc</size>
         <input_file_ref idref="fl-6"/>
      </object_component>
      <object_component id="oc-30">
         <name>.text</name>
         <load_address>0x12d4</load_address>
         <run_address>0x12d4</run_address>
         <size>0xfc4</size>
         <input_file_ref idref="fl-2"/>
      </object_component>
      <object_component id="oc-20a">
         <name>.text:sincos_table</name>
         <load_address>0x2298</load_address>
         <run_address>0x2298</run_address>
         <size>0x804</size>
         <input_file_ref idref="fl-14c"/>
      </object_component>
      <object_component id="oc-b8">
         <name>.text</name>
         <load_address>0x2a9c</load_address>
         <run_address>0x2a9c</run_address>
         <size>0x49c</size>
         <input_file_ref idref="fl-4"/>
      </object_component>
      <object_component id="oc-36">
         <name>.text</name>
         <load_address>0x2f38</load_address>
         <run_address>0x2f38</run_address>
         <size>0x3d8</size>
         <input_file_ref idref="fl-7"/>
      </object_component>
      <object_component id="oc-114">
         <name>.text:SysCtlClockFreqSet</name>
         <load_address>0x3310</load_address>
         <run_address>0x3310</run_address>
         <size>0x1fc</size>
         <input_file_ref idref="fl-12"/>
      </object_component>
      <object_component id="oc-14a">
         <name>.text</name>
         <load_address>0x350c</load_address>
         <run_address>0x350c</run_address>
         <size>0x144</size>
         <input_file_ref idref="fl-5"/>
      </object_component>
      <object_component id="oc-1ca">
         <name>.text:GPIOPadConfigSet</name>
         <load_address>0x3650</load_address>
         <run_address>0x3650</run_address>
         <size>0x130</size>
         <input_file_ref idref="fl-15"/>
      </object_component>
      <object_component id="oc-c3">
         <name>.text:_IQ24cos</name>
         <load_address>0x3780</load_address>
         <run_address>0x3780</run_address>
         <size>0xb8</size>
         <input_file_ref idref="fl-14b"/>
      </object_component>
      <object_component id="oc-be">
         <name>.text:_IQ24sin</name>
         <load_address>0x3838</load_address>
         <run_address>0x3838</run_address>
         <size>0xb4</size>
         <input_file_ref idref="fl-149"/>
      </object_component>
      <object_component id="oc-3f">
         <name>.text</name>
         <load_address>0x38ec</load_address>
         <run_address>0x38ec</run_address>
         <size>0x9c</size>
         <input_file_ref idref="fl-140"/>
      </object_component>
      <object_component id="oc-58">
         <name>.text</name>
         <load_address>0x3988</load_address>
         <run_address>0x3988</run_address>
         <size>0x7a</size>
         <input_file_ref idref="fl-141"/>
      </object_component>
      <object_component id="oc-2b6">
         <name>.text</name>
         <load_address>0x3a02</load_address>
         <run_address>0x3a02</run_address>
         <size>0x2</size>
         <input_file_ref idref="fl-148"/>
      </object_component>
      <object_component id="oc-6a">
         <name>.text</name>
         <load_address>0x3a04</load_address>
         <run_address>0x3a04</run_address>
         <size>0x6c</size>
         <input_file_ref idref="fl-146"/>
      </object_component>
      <object_component id="oc-4b">
         <name>.text</name>
         <load_address>0x3a70</load_address>
         <run_address>0x3a70</run_address>
         <size>0x6a</size>
         <input_file_ref idref="fl-13d"/>
      </object_component>
      <object_component id="oc-120">
         <name>.text:IntEnable</name>
         <load_address>0x3adc</load_address>
         <run_address>0x3adc</run_address>
         <size>0x60</size>
         <input_file_ref idref="fl-14"/>
      </object_component>
      <object_component id="oc-100">
         <name>.text:TimerConfigure</name>
         <load_address>0x3b3c</load_address>
         <run_address>0x3b3c</run_address>
         <size>0x5c</size>
         <input_file_ref idref="fl-10"/>
      </object_component>
      <object_component id="oc-f4">
         <name>.text:GPIOIntTypeSet</name>
         <load_address>0x3b98</load_address>
         <run_address>0x3b98</run_address>
         <size>0x56</size>
         <input_file_ref idref="fl-15"/>
      </object_component>
      <object_component id="oc-24">
         <name>.text</name>
         <load_address>0x3bf0</load_address>
         <run_address>0x3bf0</run_address>
         <size>0x50</size>
         <input_file_ref idref="fl-13b"/>
      </object_component>
      <object_component id="oc-19c">
         <name>.text</name>
         <load_address>0x3c40</load_address>
         <run_address>0x3c40</run_address>
         <size>0x4c</size>
         <input_file_ref idref="fl-147"/>
      </object_component>
      <object_component id="oc-ac">
         <name>.text:GPIOPinConfigure</name>
         <load_address>0x3c8c</load_address>
         <run_address>0x3c8c</run_address>
         <size>0x48</size>
         <input_file_ref idref="fl-15"/>
      </object_component>
      <object_component id="oc-231">
         <name>.text:_SysCtlFrequencyGet</name>
         <load_address>0x3cd4</load_address>
         <run_address>0x3cd4</run_address>
         <size>0x48</size>
         <input_file_ref idref="fl-12"/>
      </object_component>
      <object_component id="oc-76">
         <name>.text</name>
         <load_address>0x3d1c</load_address>
         <run_address>0x3d1c</run_address>
         <size>0x44</size>
         <input_file_ref idref="fl-13f"/>
      </object_component>
      <object_component id="oc-16c">
         <name>.text:SSIConfigSetExpClk</name>
         <load_address>0x3d60</load_address>
         <run_address>0x3d60</run_address>
         <size>0x42</size>
         <input_file_ref idref="fl-13"/>
      </object_component>
      <object_component id="oc-1e0">
         <name>.text:UARTConfigSetExpClk</name>
         <load_address>0x3da2</load_address>
         <run_address>0x3da2</run_address>
         <size>0x40</size>
         <input_file_ref idref="fl-f"/>
      </object_component>
      <object_component id="oc-1fe">
         <name>.text</name>
         <load_address>0x3de2</load_address>
         <run_address>0x3de2</run_address>
         <size>0x40</size>
         <input_file_ref idref="fl-144"/>
      </object_component>
      <object_component id="oc-a0">
         <name>.text:SysCtlPeripheralEnable</name>
         <load_address>0x3e24</load_address>
         <run_address>0x3e24</run_address>
         <size>0x34</size>
         <input_file_ref idref="fl-12"/>
      </object_component>
      <object_component id="oc-1da">
         <name>.text:SysCtlPeripheralPresent</name>
         <load_address>0x3e58</load_address>
         <run_address>0x3e58</run_address>
         <size>0x34</size>
         <input_file_ref idref="fl-12"/>
      </object_component>
      <object_component id="oc-1c4">
         <name>.text:GPIODirModeSet</name>
         <load_address>0x3e8c</load_address>
         <run_address>0x3e8c</run_address>
         <size>0x2a</size>
         <input_file_ref idref="fl-15"/>
      </object_component>
      <object_component id="oc-11a">
         <name>.text:IntPrioritySet</name>
         <load_address>0x3eb8</load_address>
         <run_address>0x3eb8</run_address>
         <size>0x24</size>
         <input_file_ref idref="fl-14"/>
      </object_component>
      <object_component id="oc-263">
         <name>.text:EPIConfigHB16Set</name>
         <load_address>0x3edc</load_address>
         <run_address>0x3edc</run_address>
         <size>0x22</size>
         <input_file_ref idref="fl-17"/>
      </object_component>
      <object_component id="oc-eb">
         <name>.text:SysCtlGPIOAHBEnable</name>
         <load_address>0x3f00</load_address>
         <run_address>0x3f00</run_address>
         <size>0x1c</size>
         <input_file_ref idref="fl-12"/>
      </object_component>
      <object_component id="oc-2a6">
         <name>.text:UARTDisable</name>
         <load_address>0x3f1c</load_address>
         <run_address>0x3f1c</run_address>
         <size>0x1c</size>
         <input_file_ref idref="fl-f"/>
      </object_component>
      <object_component id="oc-22b">
         <name>.text:_SysCtlMemTimingGet</name>
         <load_address>0x3f38</load_address>
         <run_address>0x3f38</run_address>
         <size>0x1c</size>
         <input_file_ref idref="fl-12"/>
      </object_component>
      <object_component id="oc-a6">
         <name>.text:GPIOPinTypeGPIOOutput</name>
         <load_address>0x3f54</load_address>
         <run_address>0x3f54</run_address>
         <size>0x18</size>
         <input_file_ref idref="fl-15"/>
      </object_component>
      <object_component id="oc-70">
         <name>.text</name>
         <load_address>0x3f6c</load_address>
         <run_address>0x3f6c</run_address>
         <size>0x18</size>
         <input_file_ref idref="fl-145"/>
      </object_component>
      <object_component id="oc-144">
         <name>.text:SysTickEnable</name>
         <load_address>0x3f84</load_address>
         <run_address>0x3f84</run_address>
         <size>0x14</size>
         <input_file_ref idref="fl-11"/>
      </object_component>
      <object_component id="oc-13e">
         <name>.text:SysTickIntEnable</name>
         <load_address>0x3f98</load_address>
         <run_address>0x3f98</run_address>
         <size>0x14</size>
         <input_file_ref idref="fl-11"/>
      </object_component>
      <object_component id="oc-df">
         <name>.text:TimerDisable</name>
         <load_address>0x3fac</load_address>
         <run_address>0x3fac</run_address>
         <size>0x14</size>
         <input_file_ref idref="fl-10"/>
      </object_component>
      <object_component id="oc-1e6">
         <name>.text:UARTEnable</name>
         <load_address>0x3fc0</load_address>
         <run_address>0x3fc0</run_address>
         <size>0x14</size>
         <input_file_ref idref="fl-f"/>
      </object_component>
      <object_component id="oc-88">
         <name>.text</name>
         <load_address>0x3fd4</load_address>
         <run_address>0x3fd4</run_address>
         <size>0x14</size>
         <input_file_ref idref="fl-13a"/>
      </object_component>
      <object_component id="oc-257">
         <name>.text:GPIOPinTypeEPI</name>
         <load_address>0x3fe8</load_address>
         <run_address>0x3fe8</run_address>
         <size>0x12</size>
         <input_file_ref idref="fl-15"/>
      </object_component>
      <object_component id="oc-94">
         <name>.text:GPIOPinTypeGPIOInput</name>
         <load_address>0x3ffa</load_address>
         <run_address>0x3ffa</run_address>
         <size>0x12</size>
         <input_file_ref idref="fl-15"/>
      </object_component>
      <object_component id="oc-166">
         <name>.text:GPIOPinTypeSSI</name>
         <load_address>0x400c</load_address>
         <run_address>0x400c</run_address>
         <size>0x12</size>
         <input_file_ref idref="fl-15"/>
      </object_component>
      <object_component id="oc-b2">
         <name>.text:GPIOPinTypeUART</name>
         <load_address>0x401e</load_address>
         <run_address>0x401e</run_address>
         <size>0x12</size>
         <input_file_ref idref="fl-15"/>
      </object_component>
      <object_component id="oc-178">
         <name>.text:SSIDataGetNonBlocking</name>
         <load_address>0x4030</load_address>
         <run_address>0x4030</run_address>
         <size>0x12</size>
         <input_file_ref idref="fl-13"/>
      </object_component>
      <object_component id="oc-d3">
         <name>.text:TimerLoadSet</name>
         <load_address>0x4042</load_address>
         <run_address>0x4042</run_address>
         <size>0x12</size>
         <input_file_ref idref="fl-10"/>
      </object_component>
      <object_component id="oc-12c">
         <name>.text:FPUEnable</name>
         <load_address>0x4054</load_address>
         <run_address>0x4054</run_address>
         <size>0x10</size>
         <input_file_ref idref="fl-16"/>
      </object_component>
      <object_component id="oc-132">
         <name>.text:FPULazyStackingEnable</name>
         <load_address>0x4064</load_address>
         <run_address>0x4064</run_address>
         <size>0x10</size>
         <input_file_ref idref="fl-16"/>
      </object_component>
      <object_component id="oc-138">
         <name>.text:SysTickPeriodSet</name>
         <load_address>0x4074</load_address>
         <run_address>0x4074</run_address>
         <size>0x10</size>
         <input_file_ref idref="fl-11"/>
      </object_component>
      <object_component id="oc-c8">
         <name>.text:_IQ24mpy</name>
         <load_address>0x4084</load_address>
         <run_address>0x4084</run_address>
         <size>0x10</size>
         <input_file_ref idref="fl-14a"/>
      </object_component>
      <object_component id="oc-d9">
         <name>.text:TimerEnable</name>
         <load_address>0x4094</load_address>
         <run_address>0x4094</run_address>
         <size>0xe</size>
         <input_file_ref idref="fl-10"/>
      </object_component>
      <object_component id="oc-12">
         <name>.text:decompress:none</name>
         <load_address>0x40a2</load_address>
         <run_address>0x40a2</run_address>
         <size>0xe</size>
         <input_file_ref idref="fl-13c"/>
      </object_component>
      <object_component id="oc-24a">
         <name>.text:CPUcpsie</name>
         <load_address>0x40b0</load_address>
         <run_address>0x40b0</run_address>
         <size>0xc</size>
         <input_file_ref idref="fl-18"/>
      </object_component>
      <object_component id="oc-fa">
         <name>.text:GPIOIntEnable</name>
         <load_address>0x40bc</load_address>
         <run_address>0x40bc</run_address>
         <size>0xc</size>
         <input_file_ref idref="fl-15"/>
      </object_component>
      <object_component id="oc-1e">
         <name>.text:decompress:ZI</name>
         <load_address>0x40c8</load_address>
         <run_address>0x40c8</run_address>
         <size>0xc</size>
         <input_file_ref idref="fl-13e"/>
      </object_component>
      <object_component id="oc-2a">
         <name>.text</name>
         <load_address>0x40d4</load_address>
         <run_address>0x40d4</run_address>
         <size>0xc</size>
         <input_file_ref idref="fl-3"/>
      </object_component>
      <object_component id="oc-126">
         <name>.text:IntMasterEnable</name>
         <load_address>0x40e0</load_address>
         <run_address>0x40e0</run_address>
         <size>0xa</size>
         <input_file_ref idref="fl-14"/>
      </object_component>
      <object_component id="oc-172">
         <name>.text:SSIEnable</name>
         <load_address>0x40ea</load_address>
         <run_address>0x40ea</run_address>
         <size>0xa</size>
         <input_file_ref idref="fl-13"/>
      </object_component>
      <object_component id="oc-10d">
         <name>.text:TimerIntStatus</name>
         <load_address>0x40f4</load_address>
         <run_address>0x40f4</run_address>
         <size>0xa</size>
         <input_file_ref idref="fl-10"/>
      </object_component>
      <object_component id="oc-1f2">
         <name>.text:UARTCharGet</name>
         <load_address>0x40fe</load_address>
         <run_address>0x40fe</run_address>
         <size>0xa</size>
         <input_file_ref idref="fl-f"/>
      </object_component>
      <object_component id="oc-1ec">
         <name>.text:UARTCharPut</name>
         <load_address>0x4108</load_address>
         <run_address>0x4108</run_address>
         <size>0xa</size>
         <input_file_ref idref="fl-f"/>
      </object_component>
      <object_component id="oc-106">
         <name>.text:TimerIntEnable</name>
         <load_address>0x4112</load_address>
         <run_address>0x4112</run_address>
         <size>0x8</size>
         <input_file_ref idref="fl-10"/>
      </object_component>
      <object_component id="oc-9a">
         <name>.text:GPIOPinRead</name>
         <load_address>0x411a</load_address>
         <run_address>0x411a</run_address>
         <size>0x6</size>
         <input_file_ref idref="fl-15"/>
      </object_component>
      <object_component id="oc-81">
         <name>.text:GPIOPinWrite</name>
         <load_address>0x4120</load_address>
         <run_address>0x4120</run_address>
         <size>0x6</size>
         <input_file_ref idref="fl-15"/>
      </object_component>
      <object_component id="oc-87">
         <name>.text:SysCtlDelay</name>
         <load_address>0x4126</load_address>
         <run_address>0x4126</run_address>
         <size>0x6</size>
         <input_file_ref idref="fl-12"/>
      </object_component>
      <object_component id="oc-18">
         <name>.text:decompress:rle24</name>
         <load_address>0x412c</load_address>
         <run_address>0x412c</run_address>
         <size>0x6</size>
         <input_file_ref idref="fl-13d"/>
      </object_component>
      <object_component id="oc-269">
         <name>.text:EPIAddressMapSet</name>
         <load_address>0x4132</load_address>
         <run_address>0x4132</run_address>
         <size>0x4</size>
         <input_file_ref idref="fl-17"/>
      </object_component>
      <object_component id="oc-25d">
         <name>.text:EPIModeSet</name>
         <load_address>0x4136</load_address>
         <run_address>0x4136</run_address>
         <size>0x4</size>
         <input_file_ref idref="fl-17"/>
      </object_component>
      <object_component id="oc-e5">
         <name>.text:TimerIntClear</name>
         <load_address>0x413a</load_address>
         <run_address>0x413a</run_address>
         <size>0x4</size>
         <input_file_ref idref="fl-10"/>
      </object_component>
      <object_component id="oc-64">
         <name>.text</name>
         <load_address>0x413e</load_address>
         <run_address>0x413e</run_address>
         <size>0x4</size>
         <input_file_ref idref="fl-142"/>
      </object_component>
      <object_component id="oc-214">
         <name>.const:asc2_1608</name>
         <load_address>0x4144</load_address>
         <run_address>0x4144</run_address>
         <size>0x600</size>
         <input_file_ref idref="fl-6"/>
      </object_component>
      <object_component id="oc-211">
         <name>.const:LCD_HZK_TBL</name>
         <load_address>0x4744</load_address>
         <run_address>0x4744</run_address>
         <size>0x120</size>
         <input_file_ref idref="fl-6"/>
      </object_component>
      <object_component id="oc-23a">
         <name>.const:g_pppui32XTALtoVCO</name>
         <load_address>0x4864</load_address>
         <run_address>0x4864</run_address>
         <size>0x120</size>
         <input_file_ref idref="fl-12"/>
      </object_component>
      <object_component id="oc-241">
         <name>.const:g_pui32Regs</name>
         <load_address>0x4984</load_address>
         <run_address>0x4984</run_address>
         <size>0x9c</size>
         <input_file_ref idref="fl-14"/>
      </object_component>
      <object_component id="oc-1d5">
         <name>.const:g_pui32GPIOBaseAddrs</name>
         <load_address>0x4a20</load_address>
         <run_address>0x4a20</run_address>
         <size>0x90</size>
         <input_file_ref idref="fl-15"/>
      </object_component>
      <object_component id="oc-246">
         <name>.const</name>
         <load_address>0x4ab0</load_address>
         <run_address>0x4ab0</run_address>
         <size>0x70</size>
         <input_file_ref idref="fl-14"/>
      </object_component>
      <object_component id="oc-237">
         <name>.const:g_pui32Xtals</name>
         <load_address>0x4b20</load_address>
         <run_address>0x4b20</run_address>
         <size>0x6c</size>
         <input_file_ref idref="fl-12"/>
      </object_component>
      <object_component id="oc-2d3">
         <name>.const:g_sXTALtoMEMTIM</name>
         <load_address>0x4b8c</load_address>
         <run_address>0x4b8c</run_address>
         <size>0x30</size>
         <input_file_ref idref="fl-12"/>
      </object_component>
      <object_component id="oc-1f8">
         <name>.const</name>
         <load_address>0x4bbc</load_address>
         <run_address>0x4bbc</run_address>
         <size>0x1c</size>
         <input_file_ref idref="fl-4"/>
      </object_component>
      <object_component id="oc-2b1">
         <name>.const:.string</name>
         <load_address>0x4bd8</load_address>
         <run_address>0x4bd8</run_address>
         <size>0x12</size>
         <input_file_ref idref="fl-4"/>
      </object_component>
      <object_component id="oc-f1">
         <name>.const:.string</name>
         <load_address>0x4bea</load_address>
         <run_address>0x4bea</run_address>
         <size>0x8</size>
         <input_file_ref idref="fl-2"/>
      </object_component>
      <object_component id="oc-23d">
         <name>.const</name>
         <load_address>0x4bf4</load_address>
         <run_address>0x4bf4</run_address>
         <size>0x8</size>
         <input_file_ref idref="fl-12"/>
      </object_component>
      <object_component id="oc-320">
         <name>.cinit..data.load</name>
         <load_address>0x4c00</load_address>
         <run_address>0x4c00</run_address>
         <size>0x2c4</size>
      </object_component>
      <object_component id="oc-31e">
         <name>__TI_handler_table</name>
         <load_address>0x4ec4</load_address>
         <run_address>0x4ec4</run_address>
         <size>0xc</size>
      </object_component>
      <object_component id="oc-321">
         <name>.cinit..bss.load</name>
         <load_address>0x4ed0</load_address>
         <run_address>0x4ed0</run_address>
         <size>0x8</size>
      </object_component>
      <object_component id="oc-31f">
         <name>__TI_cinit_table</name>
         <load_address>0x4ed8</load_address>
         <run_address>0x4ed8</run_address>
         <size>0x10</size>
      </object_component>
      <object_component id="oc-29">
         <name>.stack</name>
         <uninitialized>true</uninitialized>
         <run_address>0x20000340</run_address>
         <size>0x0</size>
         <input_file_ref idref="fl-13b"/>
      </object_component>
      <object_component id="oc-322">
         <name>.stack</name>
         <uninitialized>true</uninitialized>
         <run_address>0x20000340</run_address>
         <size>0x0</size>
      </object_component>
      <object_component id="oc-10c">
         <name>.common:g_ulTickCount</name>
         <uninitialized>true</uninitialized>
         <run_address>0x20000544</run_address>
         <size>0x4</size>
      </object_component>
      <object_component id="oc-8e">
         <name>.common:g_ui32SysClock</name>
         <uninitialized>true</uninitialized>
         <run_address>0x20000540</run_address>
         <size>0x4</size>
      </object_component>
      <object_component id="oc-113">
         <name>.common:loadvalue</name>
         <uninitialized>true</uninitialized>
         <run_address>0x20000548</run_address>
         <size>0x4</size>
      </object_component>
      <object_component id="oc-91">
         <name>.data</name>
         <load_address>0x200002d8</load_address>
         <run_address>0x200002d8</run_address>
         <size>0x44</size>
         <input_file_ref idref="fl-2"/>
      </object_component>
      <object_component id="oc-153">
         <name>.data:friend</name>
         <load_address>0x20000000</load_address>
         <run_address>0x20000000</run_address>
         <size>0x1c0</size>
         <input_file_ref idref="fl-2"/>
      </object_component>
      <object_component id="oc-150">
         <name>.data:star</name>
         <load_address>0x200001c0</load_address>
         <run_address>0x200001c0</run_address>
         <size>0x118</size>
         <input_file_ref idref="fl-2"/>
      </object_component>
      <object_component id="oc-1fb">
         <name>.data</name>
         <load_address>0x20000334</load_address>
         <run_address>0x20000334</run_address>
         <size>0x5</size>
         <input_file_ref idref="fl-4"/>
      </object_component>
      <object_component id="oc-20e">
         <name>.data</name>
         <load_address>0x2000031c</load_address>
         <run_address>0x2000031c</run_address>
         <size>0x8</size>
         <input_file_ref idref="fl-6"/>
      </object_component>
      <object_component id="oc-1a6">
         <name>.data</name>
         <load_address>0x20000324</load_address>
         <run_address>0x20000324</run_address>
         <size>0x8</size>
         <input_file_ref idref="fl-13a"/>
      </object_component>
      <object_component id="oc-1a9">
         <name>.data</name>
         <load_address>0x2000032c</load_address>
         <run_address>0x2000032c</run_address>
         <size>0x8</size>
         <input_file_ref idref="fl-13f"/>
      </object_component>
      <object_component id="oc-7c">
         <name>.data</name>
         <load_address>0x2000033c</load_address>
         <run_address>0x2000033c</run_address>
         <size>0x4</size>
         <input_file_ref idref="fl-143"/>
      </object_component>
      <object_component id="oc-8f">
         <name>.debug_info</name>
         <load_address>0x0</load_address>
         <run_address>0x0</run_address>
         <size>0xa16</size>
         <input_file_ref idref="fl-2"/>
      </object_component>
      <object_component id="oc-92">
         <name>.debug_info</name>
         <load_address>0xa16</load_address>
         <run_address>0xa16</run_address>
         <size>0x120</size>
         <input_file_ref idref="fl-2"/>
      </object_component>
      <object_component id="oc-154">
         <name>.debug_info</name>
         <load_address>0xb36</load_address>
         <run_address>0xb36</run_address>
         <size>0xd6</size>
         <input_file_ref idref="fl-2"/>
      </object_component>
      <object_component id="oc-151">
         <name>.debug_info</name>
         <load_address>0xc0c</load_address>
         <run_address>0xc0c</run_address>
         <size>0xd2</size>
         <input_file_ref idref="fl-2"/>
      </object_component>
      <object_component id="oc-f2">
         <name>.debug_info</name>
         <load_address>0xcde</load_address>
         <run_address>0xcde</run_address>
         <size>0x134</size>
         <input_file_ref idref="fl-2"/>
      </object_component>
      <object_component id="oc-31">
         <name>.debug_info</name>
         <load_address>0xe12</load_address>
         <run_address>0xe12</run_address>
         <size>0x2689</size>
         <input_file_ref idref="fl-2"/>
      </object_component>
      <object_component id="oc-1bd">
         <name>.debug_info</name>
         <load_address>0x349b</load_address>
         <run_address>0x349b</run_address>
         <size>0xa9</size>
         <input_file_ref idref="fl-2"/>
      </object_component>
      <object_component id="oc-15c">
         <name>.debug_info</name>
         <load_address>0x3544</load_address>
         <run_address>0x3544</run_address>
         <size>0x8b</size>
         <input_file_ref idref="fl-2"/>
      </object_component>
      <object_component id="oc-157">
         <name>.debug_info</name>
         <load_address>0x35cf</load_address>
         <run_address>0x35cf</run_address>
         <size>0x18b</size>
         <input_file_ref idref="fl-2"/>
      </object_component>
      <object_component id="oc-193">
         <name>.debug_info</name>
         <load_address>0x375a</load_address>
         <run_address>0x375a</run_address>
         <size>0x2c</size>
         <input_file_ref idref="fl-2"/>
      </object_component>
      <object_component id="oc-161">
         <name>.debug_info</name>
         <load_address>0x3786</load_address>
         <run_address>0x3786</run_address>
         <size>0x1b2</size>
         <input_file_ref idref="fl-2"/>
      </object_component>
      <object_component id="oc-205">
         <name>.debug_info</name>
         <load_address>0x3938</load_address>
         <run_address>0x3938</run_address>
         <size>0x4e</size>
         <input_file_ref idref="fl-2"/>
      </object_component>
      <object_component id="oc-3e">
         <name>.debug_info</name>
         <load_address>0x3986</load_address>
         <run_address>0x3986</run_address>
         <size>0x178</size>
         <input_file_ref idref="fl-3"/>
      </object_component>
      <object_component id="oc-10">
         <name>.debug_info</name>
         <load_address>0x3afe</load_address>
         <run_address>0x3afe</run_address>
         <size>0xf1</size>
         <input_file_ref idref="fl-3"/>
      </object_component>
      <object_component id="oc-2d">
         <name>.debug_info</name>
         <load_address>0x3bef</load_address>
         <run_address>0x3bef</run_address>
         <size>0x270</size>
         <input_file_ref idref="fl-3"/>
      </object_component>
      <object_component id="oc-183">
         <name>.debug_info</name>
         <load_address>0x3e5f</load_address>
         <run_address>0x3e5f</run_address>
         <size>0x84</size>
         <input_file_ref idref="fl-3"/>
      </object_component>
      <object_component id="oc-204">
         <name>.debug_info</name>
         <load_address>0x3ee3</load_address>
         <run_address>0x3ee3</run_address>
         <size>0x23f</size>
         <input_file_ref idref="fl-4"/>
      </object_component>
      <object_component id="oc-1fc">
         <name>.debug_info</name>
         <load_address>0x4122</load_address>
         <run_address>0x4122</run_address>
         <size>0xdc</size>
         <input_file_ref idref="fl-4"/>
      </object_component>
      <object_component id="oc-1f9">
         <name>.debug_info</name>
         <load_address>0x41fe</load_address>
         <run_address>0x41fe</run_address>
         <size>0x132</size>
         <input_file_ref idref="fl-4"/>
      </object_component>
      <object_component id="oc-ba">
         <name>.debug_info</name>
         <load_address>0x4330</load_address>
         <run_address>0x4330</run_address>
         <size>0x785</size>
         <input_file_ref idref="fl-4"/>
      </object_component>
      <object_component id="oc-14b">
         <name>.debug_info</name>
         <load_address>0x4ab5</load_address>
         <run_address>0x4ab5</run_address>
         <size>0x293</size>
         <input_file_ref idref="fl-5"/>
      </object_component>
      <object_component id="oc-218">
         <name>.debug_info</name>
         <load_address>0x4d48</load_address>
         <run_address>0x4d48</run_address>
         <size>0x48d</size>
         <input_file_ref idref="fl-6"/>
      </object_component>
      <object_component id="oc-215">
         <name>.debug_info</name>
         <load_address>0x51d5</load_address>
         <run_address>0x51d5</run_address>
         <size>0xf4</size>
         <input_file_ref idref="fl-6"/>
      </object_component>
      <object_component id="oc-20f">
         <name>.debug_info</name>
         <load_address>0x52c9</load_address>
         <run_address>0x52c9</run_address>
         <size>0x11d</size>
         <input_file_ref idref="fl-6"/>
      </object_component>
      <object_component id="oc-212">
         <name>.debug_info</name>
         <load_address>0x53e6</load_address>
         <run_address>0x53e6</run_address>
         <size>0xf9</size>
         <input_file_ref idref="fl-6"/>
      </object_component>
      <object_component id="oc-ce">
         <name>.debug_info</name>
         <load_address>0x54df</load_address>
         <run_address>0x54df</run_address>
         <size>0x1e1e</size>
         <input_file_ref idref="fl-6"/>
      </object_component>
      <object_component id="oc-2cc">
         <name>.debug_info</name>
         <load_address>0x72fd</load_address>
         <run_address>0x72fd</run_address>
         <size>0x6bd</size>
         <input_file_ref idref="fl-6"/>
      </object_component>
      <object_component id="oc-2c1">
         <name>.debug_info</name>
         <load_address>0x79ba</load_address>
         <run_address>0x79ba</run_address>
         <size>0x47</size>
         <input_file_ref idref="fl-6"/>
      </object_component>
      <object_component id="oc-17f">
         <name>.debug_info</name>
         <load_address>0x7a01</load_address>
         <run_address>0x7a01</run_address>
         <size>0x349</size>
         <input_file_ref idref="fl-7"/>
      </object_component>
      <object_component id="oc-37">
         <name>.debug_info</name>
         <load_address>0x7d4a</load_address>
         <run_address>0x7d4a</run_address>
         <size>0xb0b</size>
         <input_file_ref idref="fl-7"/>
      </object_component>
      <object_component id="oc-2ad">
         <name>.debug_info</name>
         <load_address>0x8855</load_address>
         <run_address>0x8855</run_address>
         <size>0x1ce</size>
         <input_file_ref idref="fl-f"/>
      </object_component>
      <object_component id="oc-1e7">
         <name>.debug_info</name>
         <load_address>0x8a23</load_address>
         <run_address>0x8a23</run_address>
         <size>0x1ab</size>
         <input_file_ref idref="fl-f"/>
      </object_component>
      <object_component id="oc-2a7">
         <name>.debug_info</name>
         <load_address>0x8bce</load_address>
         <run_address>0x8bce</run_address>
         <size>0x233</size>
         <input_file_ref idref="fl-f"/>
      </object_component>
      <object_component id="oc-1e1">
         <name>.debug_info</name>
         <load_address>0x8e01</load_address>
         <run_address>0x8e01</run_address>
         <size>0x28a</size>
         <input_file_ref idref="fl-f"/>
      </object_component>
      <object_component id="oc-1ed">
         <name>.debug_info</name>
         <load_address>0x908b</load_address>
         <run_address>0x908b</run_address>
         <size>0x25d</size>
         <input_file_ref idref="fl-f"/>
      </object_component>
      <object_component id="oc-1f3">
         <name>.debug_info</name>
         <load_address>0x92e8</load_address>
         <run_address>0x92e8</run_address>
         <size>0x237</size>
         <input_file_ref idref="fl-f"/>
      </object_component>
      <object_component id="oc-226">
         <name>.debug_info</name>
         <load_address>0x951f</load_address>
         <run_address>0x951f</run_address>
         <size>0x90</size>
         <input_file_ref idref="fl-f"/>
      </object_component>
      <object_component id="oc-1b2">
         <name>.debug_info</name>
         <load_address>0x95af</load_address>
         <run_address>0x95af</run_address>
         <size>0x18b</size>
         <input_file_ref idref="fl-f"/>
      </object_component>
      <object_component id="oc-21a">
         <name>.debug_info</name>
         <load_address>0x973a</load_address>
         <run_address>0x973a</run_address>
         <size>0x1cf</size>
         <input_file_ref idref="fl-10"/>
      </object_component>
      <object_component id="oc-d5">
         <name>.debug_info</name>
         <load_address>0x9909</load_address>
         <run_address>0x9909</run_address>
         <size>0x21e</size>
         <input_file_ref idref="fl-10"/>
      </object_component>
      <object_component id="oc-10f">
         <name>.debug_info</name>
         <load_address>0x9b27</load_address>
         <run_address>0x9b27</run_address>
         <size>0x1e8</size>
         <input_file_ref idref="fl-10"/>
      </object_component>
      <object_component id="oc-108">
         <name>.debug_info</name>
         <load_address>0x9d0f</load_address>
         <run_address>0x9d0f</run_address>
         <size>0x1f8</size>
         <input_file_ref idref="fl-10"/>
      </object_component>
      <object_component id="oc-e6">
         <name>.debug_info</name>
         <load_address>0x9f07</load_address>
         <run_address>0x9f07</run_address>
         <size>0x1f6</size>
         <input_file_ref idref="fl-10"/>
      </object_component>
      <object_component id="oc-da">
         <name>.debug_info</name>
         <load_address>0xa0fd</load_address>
         <run_address>0xa0fd</run_address>
         <size>0x1e3</size>
         <input_file_ref idref="fl-10"/>
      </object_component>
      <object_component id="oc-e0">
         <name>.debug_info</name>
         <load_address>0xa2e0</load_address>
         <run_address>0xa2e0</run_address>
         <size>0x1e5</size>
         <input_file_ref idref="fl-10"/>
      </object_component>
      <object_component id="oc-101">
         <name>.debug_info</name>
         <load_address>0xa4c5</load_address>
         <run_address>0xa4c5</run_address>
         <size>0x1f0</size>
         <input_file_ref idref="fl-10"/>
      </object_component>
      <object_component id="oc-254">
         <name>.debug_info</name>
         <load_address>0xa6b5</load_address>
         <run_address>0xa6b5</run_address>
         <size>0x144</size>
         <input_file_ref idref="fl-11"/>
      </object_component>
      <object_component id="oc-13a">
         <name>.debug_info</name>
         <load_address>0xa7f9</load_address>
         <run_address>0xa7f9</run_address>
         <size>0x1c5</size>
         <input_file_ref idref="fl-11"/>
      </object_component>
      <object_component id="oc-13f">
         <name>.debug_info</name>
         <load_address>0xa9be</load_address>
         <run_address>0xa9be</run_address>
         <size>0x18b</size>
         <input_file_ref idref="fl-11"/>
      </object_component>
      <object_component id="oc-145">
         <name>.debug_info</name>
         <load_address>0xab49</load_address>
         <run_address>0xab49</run_address>
         <size>0x185</size>
         <input_file_ref idref="fl-11"/>
      </object_component>
      <object_component id="oc-1d3">
         <name>.debug_info</name>
         <load_address>0xacce</load_address>
         <run_address>0xacce</run_address>
         <size>0x226</size>
         <input_file_ref idref="fl-12"/>
      </object_component>
      <object_component id="oc-238">
         <name>.debug_info</name>
         <load_address>0xaef4</load_address>
         <run_address>0xaef4</run_address>
         <size>0xff</size>
         <input_file_ref idref="fl-12"/>
      </object_component>
      <object_component id="oc-23b">
         <name>.debug_info</name>
         <load_address>0xaff3</load_address>
         <run_address>0xaff3</run_address>
         <size>0x10b</size>
         <input_file_ref idref="fl-12"/>
      </object_component>
      <object_component id="oc-2d4">
         <name>.debug_info</name>
         <load_address>0xb0fe</load_address>
         <run_address>0xb0fe</run_address>
         <size>0x105</size>
         <input_file_ref idref="fl-12"/>
      </object_component>
      <object_component id="oc-23e">
         <name>.debug_info</name>
         <load_address>0xb203</load_address>
         <run_address>0xb203</run_address>
         <size>0x112</size>
         <input_file_ref idref="fl-12"/>
      </object_component>
      <object_component id="oc-1db">
         <name>.debug_info</name>
         <load_address>0xb315</load_address>
         <run_address>0xb315</run_address>
         <size>0x1e7</size>
         <input_file_ref idref="fl-12"/>
      </object_component>
      <object_component id="oc-a1">
         <name>.debug_info</name>
         <load_address>0xb4fc</load_address>
         <run_address>0xb4fc</run_address>
         <size>0x1e1</size>
         <input_file_ref idref="fl-12"/>
      </object_component>
      <object_component id="oc-ec">
         <name>.debug_info</name>
         <load_address>0xb6dd</load_address>
         <run_address>0xb6dd</run_address>
         <size>0x1eb</size>
         <input_file_ref idref="fl-12"/>
      </object_component>
      <object_component id="oc-22c">
         <name>.debug_info</name>
         <load_address>0xb8c8</load_address>
         <run_address>0xb8c8</run_address>
         <size>0x264</size>
         <input_file_ref idref="fl-12"/>
      </object_component>
      <object_component id="oc-232">
         <name>.debug_info</name>
         <load_address>0xbb2c</load_address>
         <run_address>0xbb2c</run_address>
         <size>0x21e</size>
         <input_file_ref idref="fl-12"/>
      </object_component>
      <object_component id="oc-115">
         <name>.debug_info</name>
         <load_address>0xbd4a</load_address>
         <run_address>0xbd4a</run_address>
         <size>0x4c5</size>
         <input_file_ref idref="fl-12"/>
      </object_component>
      <object_component id="oc-29e">
         <name>.debug_info</name>
         <load_address>0xc20f</load_address>
         <run_address>0xc20f</run_address>
         <size>0x5f</size>
         <input_file_ref idref="fl-12"/>
      </object_component>
      <object_component id="oc-276">
         <name>.debug_info</name>
         <load_address>0xc26e</load_address>
         <run_address>0xc26e</run_address>
         <size>0x1c3</size>
         <input_file_ref idref="fl-13"/>
      </object_component>
      <object_component id="oc-173">
         <name>.debug_info</name>
         <load_address>0xc431</load_address>
         <run_address>0xc431</run_address>
         <size>0x1a6</size>
         <input_file_ref idref="fl-13"/>
      </object_component>
      <object_component id="oc-179">
         <name>.debug_info</name>
         <load_address>0xc5d7</load_address>
         <run_address>0xc5d7</run_address>
         <size>0x1fe</size>
         <input_file_ref idref="fl-13"/>
      </object_component>
      <object_component id="oc-16d">
         <name>.debug_info</name>
         <load_address>0xc7d5</load_address>
         <run_address>0xc7d5</run_address>
         <size>0x3c2</size>
         <input_file_ref idref="fl-13"/>
      </object_component>
      <object_component id="oc-245">
         <name>.debug_info</name>
         <load_address>0xcb97</load_address>
         <run_address>0xcb97</run_address>
         <size>0x1ba</size>
         <input_file_ref idref="fl-14"/>
      </object_component>
      <object_component id="oc-247">
         <name>.debug_info</name>
         <load_address>0xcd51</load_address>
         <run_address>0xcd51</run_address>
         <size>0x1c2</size>
         <input_file_ref idref="fl-14"/>
      </object_component>
      <object_component id="oc-242">
         <name>.debug_info</name>
         <load_address>0xcf13</load_address>
         <run_address>0xcf13</run_address>
         <size>0x100</size>
         <input_file_ref idref="fl-14"/>
      </object_component>
      <object_component id="oc-11c">
         <name>.debug_info</name>
         <load_address>0xd013</load_address>
         <run_address>0xd013</run_address>
         <size>0x22d</size>
         <input_file_ref idref="fl-14"/>
      </object_component>
      <object_component id="oc-127">
         <name>.debug_info</name>
         <load_address>0xd240</load_address>
         <run_address>0xd240</run_address>
         <size>0x1a2</size>
         <input_file_ref idref="fl-14"/>
      </object_component>
      <object_component id="oc-121">
         <name>.debug_info</name>
         <load_address>0xd3e2</load_address>
         <run_address>0xd3e2</run_address>
         <size>0x1cc</size>
         <input_file_ref idref="fl-14"/>
      </object_component>
      <object_component id="oc-1b7">
         <name>.debug_info</name>
         <load_address>0xd5ae</load_address>
         <run_address>0xd5ae</run_address>
         <size>0x1d7</size>
         <input_file_ref idref="fl-15"/>
      </object_component>
      <object_component id="oc-1d6">
         <name>.debug_info</name>
         <load_address>0xd785</load_address>
         <run_address>0xd785</run_address>
         <size>0x10d</size>
         <input_file_ref idref="fl-15"/>
      </object_component>
      <object_component id="oc-83">
         <name>.debug_info</name>
         <load_address>0xd892</load_address>
         <run_address>0xd892</run_address>
         <size>0x207</size>
         <input_file_ref idref="fl-15"/>
      </object_component>
      <object_component id="oc-1c6">
         <name>.debug_info</name>
         <load_address>0xda99</load_address>
         <run_address>0xda99</run_address>
         <size>0x217</size>
         <input_file_ref idref="fl-15"/>
      </object_component>
      <object_component id="oc-1cc">
         <name>.debug_info</name>
         <load_address>0xdcb0</load_address>
         <run_address>0xdcb0</run_address>
         <size>0x312</size>
         <input_file_ref idref="fl-15"/>
      </object_component>
      <object_component id="oc-b4">
         <name>.debug_info</name>
         <load_address>0xdfc2</load_address>
         <run_address>0xdfc2</run_address>
         <size>0x1df</size>
         <input_file_ref idref="fl-15"/>
      </object_component>
      <object_component id="oc-167">
         <name>.debug_info</name>
         <load_address>0xe1a1</load_address>
         <run_address>0xe1a1</run_address>
         <size>0x1dd</size>
         <input_file_ref idref="fl-15"/>
      </object_component>
      <object_component id="oc-a7">
         <name>.debug_info</name>
         <load_address>0xe37e</load_address>
         <run_address>0xe37e</run_address>
         <size>0x1eb</size>
         <input_file_ref idref="fl-15"/>
      </object_component>
      <object_component id="oc-95">
         <name>.debug_info</name>
         <load_address>0xe569</load_address>
         <run_address>0xe569</run_address>
         <size>0x1e9</size>
         <input_file_ref idref="fl-15"/>
      </object_component>
      <object_component id="oc-258">
         <name>.debug_info</name>
         <load_address>0xe752</load_address>
         <run_address>0xe752</run_address>
         <size>0x1dd</size>
         <input_file_ref idref="fl-15"/>
      </object_component>
      <object_component id="oc-9c">
         <name>.debug_info</name>
         <load_address>0xe92f</load_address>
         <run_address>0xe92f</run_address>
         <size>0x1df</size>
         <input_file_ref idref="fl-15"/>
      </object_component>
      <object_component id="oc-ae">
         <name>.debug_info</name>
         <load_address>0xeb0e</load_address>
         <run_address>0xeb0e</run_address>
         <size>0x1e4</size>
         <input_file_ref idref="fl-15"/>
      </object_component>
      <object_component id="oc-f5">
         <name>.debug_info</name>
         <load_address>0xecf2</load_address>
         <run_address>0xecf2</run_address>
         <size>0x21f</size>
         <input_file_ref idref="fl-15"/>
      </object_component>
      <object_component id="oc-fb">
         <name>.debug_info</name>
         <load_address>0xef11</load_address>
         <run_address>0xef11</run_address>
         <size>0x1f3</size>
         <input_file_ref idref="fl-15"/>
      </object_component>
      <object_component id="oc-135">
         <name>.debug_info</name>
         <load_address>0xf104</load_address>
         <run_address>0xf104</run_address>
         <size>0x189</size>
         <input_file_ref idref="fl-16"/>
      </object_component>
      <object_component id="oc-12d">
         <name>.debug_info</name>
         <load_address>0xf28d</load_address>
         <run_address>0xf28d</run_address>
         <size>0x171</size>
         <input_file_ref idref="fl-16"/>
      </object_component>
      <object_component id="oc-2e9">
         <name>.debug_info</name>
         <load_address>0xf3fe</load_address>
         <run_address>0xf3fe</run_address>
         <size>0x1a6</size>
         <input_file_ref idref="fl-17"/>
      </object_component>
      <object_component id="oc-25e">
         <name>.debug_info</name>
         <load_address>0xf5a4</load_address>
         <run_address>0xf5a4</run_address>
         <size>0x1d8</size>
         <input_file_ref idref="fl-17"/>
      </object_component>
      <object_component id="oc-264">
         <name>.debug_info</name>
         <load_address>0xf77c</load_address>
         <run_address>0xf77c</run_address>
         <size>0x22c</size>
         <input_file_ref idref="fl-17"/>
      </object_component>
      <object_component id="oc-26a">
         <name>.debug_info</name>
         <load_address>0xf9a8</load_address>
         <run_address>0xf9a8</run_address>
         <size>0x1e2</size>
         <input_file_ref idref="fl-17"/>
      </object_component>
      <object_component id="oc-24b">
         <name>.debug_info</name>
         <load_address>0xfb8a</load_address>
         <run_address>0xfb8a</run_address>
         <size>0x176</size>
         <input_file_ref idref="fl-18"/>
      </object_component>
      <object_component id="oc-1b9">
         <name>.debug_info</name>
         <load_address>0xfd00</load_address>
         <run_address>0xfd00</run_address>
         <size>0x105</size>
         <input_file_ref idref="fl-13a"/>
      </object_component>
      <object_component id="oc-1a7">
         <name>.debug_info</name>
         <load_address>0xfe05</load_address>
         <run_address>0xfe05</run_address>
         <size>0xf4</size>
         <input_file_ref idref="fl-13a"/>
      </object_component>
      <object_component id="oc-8a">
         <name>.debug_info</name>
         <load_address>0xfef9</load_address>
         <run_address>0xfef9</run_address>
         <size>0x200</size>
         <input_file_ref idref="fl-13a"/>
      </object_component>
      <object_component id="oc-25">
         <name>.debug_info</name>
         <load_address>0x100f9</load_address>
         <run_address>0x100f9</run_address>
         <size>0x134</size>
         <input_file_ref idref="fl-13b"/>
      </object_component>
      <object_component id="oc-4a">
         <name>.debug_info</name>
         <load_address>0x1022d</load_address>
         <run_address>0x1022d</run_address>
         <size>0x121</size>
         <input_file_ref idref="fl-13c"/>
      </object_component>
      <object_component id="oc-15">
         <name>.debug_info</name>
         <load_address>0x1034e</load_address>
         <run_address>0x1034e</run_address>
         <size>0x1c0</size>
         <input_file_ref idref="fl-13c"/>
      </object_component>
      <object_component id="oc-45">
         <name>.debug_info</name>
         <load_address>0x1050e</load_address>
         <run_address>0x1050e</run_address>
         <size>0x46</size>
         <input_file_ref idref="fl-13c"/>
      </object_component>
      <object_component id="oc-189">
         <name>.debug_info</name>
         <load_address>0x10554</load_address>
         <run_address>0x10554</run_address>
         <size>0x2c</size>
         <input_file_ref idref="fl-13c"/>
      </object_component>
      <object_component id="oc-52">
         <name>.debug_info</name>
         <load_address>0x10580</load_address>
         <run_address>0x10580</run_address>
         <size>0x115</size>
         <input_file_ref idref="fl-13d"/>
      </object_component>
      <object_component id="oc-4e">
         <name>.debug_info</name>
         <load_address>0x10695</load_address>
         <run_address>0x10695</run_address>
         <size>0x228</size>
         <input_file_ref idref="fl-13d"/>
      </object_component>
      <object_component id="oc-19">
         <name>.debug_info</name>
         <load_address>0x108bd</load_address>
         <run_address>0x108bd</run_address>
         <size>0x192</size>
         <input_file_ref idref="fl-13d"/>
      </object_component>
      <object_component id="oc-53">
         <name>.debug_info</name>
         <load_address>0x10a4f</load_address>
         <run_address>0x10a4f</run_address>
         <size>0x39</size>
         <input_file_ref idref="fl-13d"/>
      </object_component>
      <object_component id="oc-63">
         <name>.debug_info</name>
         <load_address>0x10a88</load_address>
         <run_address>0x10a88</run_address>
         <size>0x110</size>
         <input_file_ref idref="fl-13e"/>
      </object_component>
      <object_component id="oc-1f">
         <name>.debug_info</name>
         <load_address>0x10b98</load_address>
         <run_address>0x10b98</run_address>
         <size>0x18b</size>
         <input_file_ref idref="fl-13e"/>
      </object_component>
      <object_component id="oc-5e">
         <name>.debug_info</name>
         <load_address>0x10d23</load_address>
         <run_address>0x10d23</run_address>
         <size>0x46</size>
         <input_file_ref idref="fl-13e"/>
      </object_component>
      <object_component id="oc-1ad">
         <name>.debug_info</name>
         <load_address>0x10d69</load_address>
         <run_address>0x10d69</run_address>
         <size>0x172</size>
         <input_file_ref idref="fl-13f"/>
      </object_component>
      <object_component id="oc-1aa">
         <name>.debug_info</name>
         <load_address>0x10edb</load_address>
         <run_address>0x10edb</run_address>
         <size>0x117</size>
         <input_file_ref idref="fl-13f"/>
      </object_component>
      <object_component id="oc-77">
         <name>.debug_info</name>
         <load_address>0x10ff2</load_address>
         <run_address>0x10ff2</run_address>
         <size>0x1ee</size>
         <input_file_ref idref="fl-13f"/>
      </object_component>
      <object_component id="oc-40">
         <name>.debug_info</name>
         <load_address>0x111e0</load_address>
         <run_address>0x111e0</run_address>
         <size>0xf6</size>
         <input_file_ref idref="fl-140"/>
      </object_component>
      <object_component id="oc-5b">
         <name>.debug_info</name>
         <load_address>0x112d6</load_address>
         <run_address>0x112d6</run_address>
         <size>0x124</size>
         <input_file_ref idref="fl-141"/>
      </object_component>
      <object_component id="oc-65">
         <name>.debug_info</name>
         <load_address>0x113fa</load_address>
         <run_address>0x113fa</run_address>
         <size>0x129</size>
         <input_file_ref idref="fl-142"/>
      </object_component>
      <object_component id="oc-7d">
         <name>.debug_info</name>
         <load_address>0x11523</load_address>
         <run_address>0x11523</run_address>
         <size>0xea</size>
         <input_file_ref idref="fl-143"/>
      </object_component>
      <object_component id="oc-200">
         <name>.debug_info</name>
         <load_address>0x1160d</load_address>
         <run_address>0x1160d</run_address>
         <size>0x11f</size>
         <input_file_ref idref="fl-144"/>
      </object_component>
      <object_component id="oc-1a5">
         <name>.debug_info</name>
         <load_address>0x1172c</load_address>
         <run_address>0x1172c</run_address>
         <size>0x147</size>
         <input_file_ref idref="fl-145"/>
      </object_component>
      <object_component id="oc-73">
         <name>.debug_info</name>
         <load_address>0x11873</load_address>
         <run_address>0x11873</run_address>
         <size>0x148</size>
         <input_file_ref idref="fl-145"/>
      </object_component>
      <object_component id="oc-28b">
         <name>.debug_info</name>
         <load_address>0x119bb</load_address>
         <run_address>0x119bb</run_address>
         <size>0x5e</size>
         <input_file_ref idref="fl-145"/>
      </object_component>
      <object_component id="oc-1a3">
         <name>.debug_info</name>
         <load_address>0x11a19</load_address>
         <run_address>0x11a19</run_address>
         <size>0x29e</size>
         <input_file_ref idref="fl-146"/>
      </object_component>
      <object_component id="oc-6c">
         <name>.debug_info</name>
         <load_address>0x11cb7</load_address>
         <run_address>0x11cb7</run_address>
         <size>0x158</size>
         <input_file_ref idref="fl-146"/>
      </object_component>
      <object_component id="oc-27f">
         <name>.debug_info</name>
         <load_address>0x11e0f</load_address>
         <run_address>0x11e0f</run_address>
         <size>0x39</size>
         <input_file_ref idref="fl-146"/>
      </object_component>
      <object_component id="oc-284">
         <name>.debug_info</name>
         <load_address>0x11e48</load_address>
         <run_address>0x11e48</run_address>
         <size>0xcd</size>
         <input_file_ref idref="fl-146"/>
      </object_component>
      <object_component id="oc-27c">
         <name>.debug_info</name>
         <load_address>0x11f15</load_address>
         <run_address>0x11f15</run_address>
         <size>0x1c1</size>
         <input_file_ref idref="fl-147"/>
      </object_component>
      <object_component id="oc-19d">
         <name>.debug_info</name>
         <load_address>0x120d6</load_address>
         <run_address>0x120d6</run_address>
         <size>0x164</size>
         <input_file_ref idref="fl-147"/>
      </object_component>
      <object_component id="oc-2f0">
         <name>.debug_info</name>
         <load_address>0x1223a</load_address>
         <run_address>0x1223a</run_address>
         <size>0x2c</size>
         <input_file_ref idref="fl-147"/>
      </object_component>
      <object_component id="oc-2b8">
         <name>.debug_info</name>
         <load_address>0x12266</load_address>
         <run_address>0x12266</run_address>
         <size>0x128</size>
         <input_file_ref idref="fl-148"/>
      </object_component>
      <object_component id="oc-bf">
         <name>.debug_info</name>
         <load_address>0x1238e</load_address>
         <run_address>0x1238e</run_address>
         <size>0x149</size>
         <input_file_ref idref="fl-149"/>
      </object_component>
      <object_component id="oc-c9">
         <name>.debug_info</name>
         <load_address>0x124d7</load_address>
         <run_address>0x124d7</run_address>
         <size>0x13e</size>
         <input_file_ref idref="fl-14a"/>
      </object_component>
      <object_component id="oc-c4">
         <name>.debug_info</name>
         <load_address>0x12615</load_address>
         <run_address>0x12615</run_address>
         <size>0x149</size>
         <input_file_ref idref="fl-14b"/>
      </object_component>
      <object_component id="oc-323">
         <name>.debug_info</name>
         <load_address>0x1275e</load_address>
         <run_address>0x1275e</run_address>
         <size>0xaa</size>
      </object_component>
      <object_component id="oc-1bc">
         <name>.debug_line</name>
         <load_address>0x0</load_address>
         <run_address>0x0</run_address>
         <size>0x281</size>
         <input_file_ref idref="fl-2"/>
      </object_component>
      <object_component id="oc-1c3">
         <name>.debug_line</name>
         <load_address>0x281</load_address>
         <run_address>0x281</run_address>
         <size>0x32</size>
         <input_file_ref idref="fl-2"/>
      </object_component>
      <object_component id="oc-273">
         <name>.debug_line</name>
         <load_address>0x2b3</load_address>
         <run_address>0x2b3</run_address>
         <size>0x32</size>
         <input_file_ref idref="fl-2"/>
      </object_component>
      <object_component id="oc-271">
         <name>.debug_line</name>
         <load_address>0x2e5</load_address>
         <run_address>0x2e5</run_address>
         <size>0x32</size>
         <input_file_ref idref="fl-2"/>
      </object_component>
      <object_component id="oc-220">
         <name>.debug_line</name>
         <load_address>0x317</load_address>
         <run_address>0x317</run_address>
         <size>0x32</size>
         <input_file_ref idref="fl-2"/>
      </object_component>
      <object_component id="oc-35">
         <name>.debug_line</name>
         <load_address>0x349</load_address>
         <run_address>0x349</run_address>
         <size>0x970</size>
         <input_file_ref idref="fl-2"/>
      </object_component>
      <object_component id="oc-1c0">
         <name>.debug_line</name>
         <load_address>0xcb9</load_address>
         <run_address>0xcb9</run_address>
         <size>0x32</size>
         <input_file_ref idref="fl-2"/>
      </object_component>
      <object_component id="oc-15f">
         <name>.debug_line</name>
         <load_address>0xceb</load_address>
         <run_address>0xceb</run_address>
         <size>0x20</size>
         <input_file_ref idref="fl-2"/>
      </object_component>
      <object_component id="oc-15a">
         <name>.debug_line</name>
         <load_address>0xd0b</load_address>
         <run_address>0xd0b</run_address>
         <size>0x60</size>
         <input_file_ref idref="fl-2"/>
      </object_component>
      <object_component id="oc-196">
         <name>.debug_line</name>
         <load_address>0xd6b</load_address>
         <run_address>0xd6b</run_address>
         <size>0x60</size>
         <input_file_ref idref="fl-2"/>
      </object_component>
      <object_component id="oc-164">
         <name>.debug_line</name>
         <load_address>0xdcb</load_address>
         <run_address>0xdcb</run_address>
         <size>0x5a</size>
         <input_file_ref idref="fl-2"/>
      </object_component>
      <object_component id="oc-208">
         <name>.debug_line</name>
         <load_address>0xe25</load_address>
         <run_address>0xe25</run_address>
         <size>0x60</size>
         <input_file_ref idref="fl-2"/>
      </object_component>
      <object_component id="oc-182">
         <name>.debug_line</name>
         <load_address>0xe85</load_address>
         <run_address>0xe85</run_address>
         <size>0x42</size>
         <input_file_ref idref="fl-3"/>
      </object_component>
      <object_component id="oc-3d">
         <name>.debug_line</name>
         <load_address>0xec7</load_address>
         <run_address>0xec7</run_address>
         <size>0x42</size>
         <input_file_ref idref="fl-3"/>
      </object_component>
      <object_component id="oc-2b">
         <name>.debug_line</name>
         <load_address>0xf09</load_address>
         <run_address>0xf09</run_address>
         <size>0xa2</size>
         <input_file_ref idref="fl-3"/>
      </object_component>
      <object_component id="oc-186">
         <name>.debug_line</name>
         <load_address>0xfab</load_address>
         <run_address>0xfab</run_address>
         <size>0x20</size>
         <input_file_ref idref="fl-3"/>
      </object_component>
      <object_component id="oc-2be">
         <name>.debug_line</name>
         <load_address>0xfcb</load_address>
         <run_address>0xfcb</run_address>
         <size>0x92</size>
         <input_file_ref idref="fl-4"/>
      </object_component>
      <object_component id="oc-2b5">
         <name>.debug_line</name>
         <load_address>0x105d</load_address>
         <run_address>0x105d</run_address>
         <size>0x32</size>
         <input_file_ref idref="fl-4"/>
      </object_component>
      <object_component id="oc-2b3">
         <name>.debug_line</name>
         <load_address>0x108f</load_address>
         <run_address>0x108f</run_address>
         <size>0x32</size>
         <input_file_ref idref="fl-4"/>
      </object_component>
      <object_component id="oc-bd">
         <name>.debug_line</name>
         <load_address>0x10c1</load_address>
         <run_address>0x10c1</run_address>
         <size>0x283</size>
         <input_file_ref idref="fl-4"/>
      </object_component>
      <object_component id="oc-14e">
         <name>.debug_line</name>
         <load_address>0x1344</load_address>
         <run_address>0x1344</run_address>
         <size>0x71</size>
         <input_file_ref idref="fl-5"/>
      </object_component>
      <object_component id="oc-2cb">
         <name>.debug_line</name>
         <load_address>0x13b5</load_address>
         <run_address>0x13b5</run_address>
         <size>0x92</size>
         <input_file_ref idref="fl-6"/>
      </object_component>
      <object_component id="oc-2c9">
         <name>.debug_line</name>
         <load_address>0x1447</load_address>
         <run_address>0x1447</run_address>
         <size>0x35</size>
         <input_file_ref idref="fl-6"/>
      </object_component>
      <object_component id="oc-2c0">
         <name>.debug_line</name>
         <load_address>0x147c</load_address>
         <run_address>0x147c</run_address>
         <size>0x4b</size>
         <input_file_ref idref="fl-6"/>
      </object_component>
      <object_component id="oc-2c7">
         <name>.debug_line</name>
         <load_address>0x14c7</load_address>
         <run_address>0x14c7</run_address>
         <size>0x4b</size>
         <input_file_ref idref="fl-6"/>
      </object_component>
      <object_component id="oc-d1">
         <name>.debug_line</name>
         <load_address>0x1512</load_address>
         <run_address>0x1512</run_address>
         <size>0x657</size>
         <input_file_ref idref="fl-6"/>
      </object_component>
      <object_component id="oc-2cf">
         <name>.debug_line</name>
         <load_address>0x1b69</load_address>
         <run_address>0x1b69</run_address>
         <size>0x55</size>
         <input_file_ref idref="fl-6"/>
      </object_component>
      <object_component id="oc-2c4">
         <name>.debug_line</name>
         <load_address>0x1bbe</load_address>
         <run_address>0x1bbe</run_address>
         <size>0x4b</size>
         <input_file_ref idref="fl-6"/>
      </object_component>
      <object_component id="oc-27a">
         <name>.debug_line</name>
         <load_address>0x1c09</load_address>
         <run_address>0x1c09</run_address>
         <size>0x11d</size>
         <input_file_ref idref="fl-7"/>
      </object_component>
      <object_component id="oc-3b">
         <name>.debug_line</name>
         <load_address>0x1d26</load_address>
         <run_address>0x1d26</run_address>
         <size>0x21e</size>
         <input_file_ref idref="fl-7"/>
      </object_component>
      <object_component id="oc-2f7">
         <name>.debug_line</name>
         <load_address>0x1f44</load_address>
         <run_address>0x1f44</run_address>
         <size>0x5b</size>
         <input_file_ref idref="fl-f"/>
      </object_component>
      <object_component id="oc-1ea">
         <name>.debug_line</name>
         <load_address>0x1f9f</load_address>
         <run_address>0x1f9f</run_address>
         <size>0x6c</size>
         <input_file_ref idref="fl-f"/>
      </object_component>
      <object_component id="oc-2aa">
         <name>.debug_line</name>
         <load_address>0x200b</load_address>
         <run_address>0x200b</run_address>
         <size>0x6d</size>
         <input_file_ref idref="fl-f"/>
      </object_component>
      <object_component id="oc-1e4">
         <name>.debug_line</name>
         <load_address>0x2078</load_address>
         <run_address>0x2078</run_address>
         <size>0x7d</size>
         <input_file_ref idref="fl-f"/>
      </object_component>
      <object_component id="oc-1f0">
         <name>.debug_line</name>
         <load_address>0x20f5</load_address>
         <run_address>0x20f5</run_address>
         <size>0x6c</size>
         <input_file_ref idref="fl-f"/>
      </object_component>
      <object_component id="oc-1f6">
         <name>.debug_line</name>
         <load_address>0x2161</load_address>
         <run_address>0x2161</run_address>
         <size>0x6c</size>
         <input_file_ref idref="fl-f"/>
      </object_component>
      <object_component id="oc-229">
         <name>.debug_line</name>
         <load_address>0x21cd</load_address>
         <run_address>0x21cd</run_address>
         <size>0x20</size>
         <input_file_ref idref="fl-f"/>
      </object_component>
      <object_component id="oc-1b5">
         <name>.debug_line</name>
         <load_address>0x21ed</load_address>
         <run_address>0x21ed</run_address>
         <size>0x5e</size>
         <input_file_ref idref="fl-f"/>
      </object_component>
      <object_component id="oc-2d2">
         <name>.debug_line</name>
         <load_address>0x224b</load_address>
         <run_address>0x224b</run_address>
         <size>0x5b</size>
         <input_file_ref idref="fl-10"/>
      </object_component>
      <object_component id="oc-d8">
         <name>.debug_line</name>
         <load_address>0x22a6</load_address>
         <run_address>0x22a6</run_address>
         <size>0x75</size>
         <input_file_ref idref="fl-10"/>
      </object_component>
      <object_component id="oc-112">
         <name>.debug_line</name>
         <load_address>0x231b</load_address>
         <run_address>0x231b</run_address>
         <size>0x6c</size>
         <input_file_ref idref="fl-10"/>
      </object_component>
      <object_component id="oc-10b">
         <name>.debug_line</name>
         <load_address>0x2387</load_address>
         <run_address>0x2387</run_address>
         <size>0x6c</size>
         <input_file_ref idref="fl-10"/>
      </object_component>
      <object_component id="oc-e9">
         <name>.debug_line</name>
         <load_address>0x23f3</load_address>
         <run_address>0x23f3</run_address>
         <size>0x6c</size>
         <input_file_ref idref="fl-10"/>
      </object_component>
      <object_component id="oc-dd">
         <name>.debug_line</name>
         <load_address>0x245f</load_address>
         <run_address>0x245f</run_address>
         <size>0x6c</size>
         <input_file_ref idref="fl-10"/>
      </object_component>
[...]
      </symbol>
      <symbol id="sm-17a">
         <name>g_pfnVectors</name>
         <value>0x0</value>
         <object_component_ref idref="oc-f"/>
      </symbol>
      <symbol id="sm-1df">
         <name>UARTgetc</name>
         <value>0x2be3</value>
         <object_component_ref idref="oc-b8"/>
      </symbol>
      <symbol id="sm-1e0">
         <name>UARTgets</name>
         <value>0x2b29</value>
         <object_component_ref idref="oc-b8"/>
      </symbol>
      <symbol id="sm-1e1">
         <name>UARTStdioConfig</name>
         <value>0x2a9d</value>
         <object_component_ref idref="oc-b8"/>
      </symbol>
      <symbol id="sm-1e2">
         <name>UARTwrite</name>
         <value>0x2ae3</value>
         <object_component_ref idref="oc-b8"/>
      </symbol>
      <symbol id="sm-1e3">
         <name>UARTprintf</name>
         <value>0x2f03</value>
         <object_component_ref idref="oc-b8"/>
      </symbol>
      <symbol id="sm-1e4">
         <name>UARTvprintf</name>
         <value>0x2c09</value>
         <object_component_ref idref="oc-b8"/>
      </symbol>
      <symbol id="sm-200">
         <name>EPIGPIOinit</name>
         <value>0x350d</value>
         <object_component_ref idref="oc-14a"/>
      </symbol>
      <symbol id="sm-2a5">
         <name>TFTLCD_ShowPicture</name>
         <value>0x11a1</value>
         <object_component_ref idref="oc-cd"/>
      </symbol>
      <symbol id="sm-2a6">
         <name>asc2_1608</name>
         <value>0x4144</value>
         <object_component_ref idref="oc-214"/>
      </symbol>
      <symbol id="sm-2a7">
         <name>TFTLCD_ExitSleep</name>
         <value>0x3d3</value>
         <object_component_ref idref="oc-cd"/>
      </symbol>
      <symbol id="sm-2a8">
         <name>WriteData</name>
         <value>0x2000031c</value>
         <object_component_ref idref="oc-20e"/>
      </symbol>
      <symbol id="sm-2a9">
         <name>TFTLCD_DrawVerticalLine</name>
         <value>0x1157</value>
         <object_component_ref idref="oc-cd"/>
      </symbol>
      <symbol id="sm-2aa">
         <name>TFTLCD_ShowData</name>
         <value>0x1005</value>
         <object_component_ref idref="oc-cd"/>
      </symbol>
      <symbol id="sm-2ab">
         <name>TFTLCD_DrawHorizontalLine</name>
         <value>0x110d</value>
         <object_component_ref idref="oc-cd"/>
      </symbol>
      <symbol id="sm-2ac">
         <name>LCD_HZK_TBL</name>
         <value>0x4744</value>
         <object_component_ref idref="oc-211"/>
      </symbol>
      <symbol id="sm-2ad">
         <name>TFTLCD_ShowString</name>
         <value>0xee7</value>
         <object_component_ref idref="oc-cd"/>
      </symbol>
      <symbol id="sm-2ae">
         <name>TFTLCD_REFRESH_GRAM</name>
         <value>0xc8d</value>
         <object_component_ref idref="oc-cd"/>
      </symbol>
      <symbol id="sm-2af">
         <name>TFTLCD_CLEAR</name>
         <value>0xf4d</value>
         <object_component_ref idref="oc-cd"/>
      </symbol>
      <symbol id="sm-2b0">
         <name>TFTLCD_SetPos</name>
         <value>0xca1</value>
         <object_component_ref idref="oc-cd"/>
      </symbol>
      <symbol id="sm-2b1">
         <name>TFTLCD_EnterSleep</name>
         <value>0x353</value>
         <object_component_ref idref="oc-cd"/>
      </symbol>
      <symbol id="sm-2b2">
         <name>InitGPIOLCDInterface</name>
         <value>0x295</value>
         <object_component_ref idref="oc-cd"/>
      </symbol>
      <symbol id="sm-2b3">
         <name>TFTLCD_FillBlock</name>
         <value>0xf9d</value>
         <object_component_ref idref="oc-cd"/>
      </symbol>
      <symbol id="sm-2b4">
         <name>TFTLCD_ShowChar</name>
         <value>0xe57</value>
         <object_component_ref idref="oc-cd"/>
      </symbol>
      <symbol id="sm-2b5">
         <name>LCD_Show_Font</name>
         <value>0xd7b</value>
         <object_component_ref idref="oc-cd"/>
      </symbol>
      <symbol id="sm-2b6">
         <name>WriteCommand</name>
         <value>0x20000320</value>
         <object_component_ref idref="oc-20e"/>
      </symbol>
      <symbol id="sm-2b7">
         <name>TFTLCD_DrawPoint</name>
         <value>0xd59</value>
         <object_component_ref idref="oc-cd"/>
      </symbol>
      <symbol id="sm-2b8">
         <name>TFT_400x240_OTM4001Ainit</name>
         <value>0x489</value>
         <object_component_ref idref="oc-cd"/>
      </symbol>
      <symbol id="sm-2ed">
         <name>SoftSPI_GetData</name>
         <value>0x3087</value>
         <object_component_ref idref="oc-36"/>
      </symbol>
      <symbol id="sm-2ee">
         <name>SSIinit</name>
         <value>0x2f39</value>
         <object_component_ref idref="oc-36"/>
      </symbol>
      <symbol id="sm-2ef">
         <name>SoftSPIinit</name>
         <value>0x2fa1</value>
         <object_component_ref idref="oc-36"/>
      </symbol>
      <symbol id="sm-2f0">
         <name>TOUCH_TSC2046init</name>
         <value>0x3239</value>
         <object_component_ref idref="oc-36"/>
      </symbol>
      <symbol id="sm-2f1">
         <name>TouchInit</name>
         <value>0x2fd3</value>
         <object_component_ref idref="oc-36"/>
      </symbol>
      <symbol id="sm-2f2">
         <name>SoftSPI_PutData</name>
         <value>0x3007</value>
         <object_component_ref idref="oc-36"/>
      </symbol>
      <symbol id="sm-2f3">
         <name>touch_getx</name>
         <value>0x3119</value>
         <object_component_ref idref="oc-36"/>
      </symbol>
      <symbol id="sm-2f4">
         <name>touch_gety</name>
         <value>0x31a9</value>
         <object_component_ref idref="oc-36"/>
      </symbol>
      <symbol id="sm-2f5">
         <name>IntGPIOb</name>
         <value>0x32fb</value>
         <object_component_ref idref="oc-36"/>
      </symbol>
      <symbol id="sm-2f6">
         <name>TOUCH_PointAdjust</name>
         <value>0x3271</value>
         <object_component_ref idref="oc-36"/>
      </symbol>
      <symbol id="sm-339">
         <name>UARTConfigSetExpClk</name>
         <value>0x3da3</value>
         <object_component_ref idref="oc-1e0"/>
      </symbol>
      <symbol id="sm-33a">
         <name>UARTDisable</name>
         <value>0x3f1d</value>
         <object_component_ref idref="oc-2a6"/>
      </symbol>
      <symbol id="sm-33b">
         <name>UARTCharPut</name>
         <value>0x4109</value>
         <object_component_ref idref="oc-1ec"/>
      </symbol>
      <symbol id="sm-33c">
         <name>UARTEnable</name>
         <value>0x3fc1</value>
         <object_component_ref idref="oc-1e6"/>
      </symbol>
      <symbol id="sm-33d">
         <name>UARTCharGet</name>
         <value>0x40ff</value>
         <object_component_ref idref="oc-1f2"/>
      </symbol>
      <symbol id="sm-382">
         <name>TimerLoadSet</name>
         <value>0x4043</value>
         <object_component_ref idref="oc-d3"/>
      </symbol>
      <symbol id="sm-383">
         <name>TimerDisable</name>
         <value>0x3fad</value>
         <object_component_ref idref="oc-df"/>
      </symbol>
      <symbol id="sm-384">
         <name>TimerEnable</name>
         <value>0x4095</value>
         <object_component_ref idref="oc-d9"/>
      </symbol>
      <symbol id="sm-385">
         <name>TimerIntStatus</name>
         <value>0x40f5</value>
         <object_component_ref idref="oc-10d"/>
      </symbol>
      <symbol id="sm-386">
         <name>TimerIntEnable</name>
         <value>0x4113</value>
         <object_component_ref idref="oc-106"/>
      </symbol>
      <symbol id="sm-387">
         <name>TimerConfigure</name>
         <value>0x3b3d</value>
         <object_component_ref idref="oc-100"/>
      </symbol>
      <symbol id="sm-388">
         <name>TimerIntClear</name>
         <value>0x413b</value>
         <object_component_ref idref="oc-e5"/>
      </symbol>
      <symbol id="sm-3ab">
         <name>SysTickEnable</name>
         <value>0x3f85</value>
         <object_component_ref idref="oc-144"/>
      </symbol>
      <symbol id="sm-3ac">
         <name>SysTickIntEnable</name>
         <value>0x3f99</value>
         <object_component_ref idref="oc-13e"/>
      </symbol>
      <symbol id="sm-3ad">
         <name>SysTickPeriodSet</name>
         <value>0x4075</value>
         <object_component_ref idref="oc-138"/>
      </symbol>
      <symbol id="sm-439">
         <name>SysCtlGPIOAHBEnable</name>
         <value>0x3f01</value>
         <object_component_ref idref="oc-eb"/>
      </symbol>
      <symbol id="sm-43a">
         <name>SysCtlPeripheralPresent</name>
         <value>0x3e59</value>
         <object_component_ref idref="oc-1da"/>
      </symbol>
      <symbol id="sm-43b">
         <name>SysCtlDelay</name>
         <value>0x4127</value>
         <object_component_ref idref="oc-87"/>
      </symbol>
      <symbol id="sm-43c">
         <name>SysCtlPeripheralEnable</name>
         <value>0x3e25</value>
         <object_component_ref idref="oc-a0"/>
      </symbol>
      <symbol id="sm-43d">
         <name>SysCtlClockFreqSet</name>
         <value>0x3311</value>
         <object_component_ref idref="oc-114"/>
      </symbol>
      <symbol id="sm-45f">
         <name>SSIDataGetNonBlocking</name>
         <value>0x4031</value>
         <object_component_ref idref="oc-178"/>
      </symbol>
      <symbol id="sm-460">
         <name>SSIConfigSetExpClk</name>
         <value>0x3d61</value>
         <object_component_ref idref="oc-16c"/>
      </symbol>
      <symbol id="sm-461">
         <name>SSIEnable</name>
         <value>0x40eb</value>
         <object_component_ref idref="oc-172"/>
      </symbol>
      <symbol id="sm-4a0">
         <name>IntPrioritySet</name>
         <value>0x3eb9</value>
         <object_component_ref idref="oc-11a"/>
      </symbol>
      <symbol id="sm-4a1">
         <name>IntEnable</name>
         <value>0x3add</value>
         <object_component_ref idref="oc-120"/>
      </symbol>
      <symbol id="sm-4a2">
         <name>IntMasterEnable</name>
         <value>0x40e1</value>
         <object_component_ref idref="oc-126"/>
      </symbol>
      <symbol id="sm-51a">
         <name>GPIOPinConfigure</name>
         <value>0x3c8d</value>
         <object_component_ref idref="oc-ac"/>
      </symbol>
      <symbol id="sm-51b">
         <name>GPIOIntEnable</name>
         <value>0x40bd</value>
         <object_component_ref idref="oc-fa"/>
      </symbol>
      <symbol id="sm-51c">
         <name>GPIOIntTypeSet</name>
         <value>0x3b99</value>
         <object_component_ref idref="oc-f4"/>
      </symbol>
      <symbol id="sm-51d">
         <name>GPIOPinTypeGPIOInput</name>
         <value>0x3ffb</value>
         <object_component_ref idref="oc-94"/>
      </symbol>
      <symbol id="sm-51e">
         <name>GPIOPinTypeUART</name>
         <value>0x401f</value>
         <object_component_ref idref="oc-b2"/>
      </symbol>
      <symbol id="sm-51f">
         <name>GPIOPinTypeGPIOOutput</name>
         <value>0x3f55</value>
         <object_component_ref idref="oc-a6"/>
      </symbol>
      <symbol id="sm-520">
         <name>GPIOPinRead</name>
         <value>0x411b</value>
         <object_component_ref idref="oc-9a"/>
      </symbol>
      <symbol id="sm-521">
         <name>GPIODirModeSet</name>
         <value>0x3e8d</value>
         <object_component_ref idref="oc-1c4"/>
      </symbol>
      <symbol id="sm-522">
         <name>GPIOPinWrite</name>
         <value>0x4121</value>
         <object_component_ref idref="oc-81"/>
      </symbol>
      <symbol id="sm-523">
         <name>GPIOPadConfigSet</name>
         <value>0x3651</value>
         <object_component_ref idref="oc-1ca"/>
      </symbol>
      <symbol id="sm-524">
         <name>GPIOPinTypeSSI</name>
         <value>0x400d</value>
         <object_component_ref idref="oc-166"/>
      </symbol>
      <symbol id="sm-525">
         <name>GPIOPinTypeEPI</name>
         <value>0x3fe9</value>
         <object_component_ref idref="oc-257"/>
      </symbol>
      <symbol id="sm-53b">
         <name>FPULazyStackingEnable</name>
         <value>0x4065</value>
         <object_component_ref idref="oc-132"/>
      </symbol>
      <symbol id="sm-53c">
         <name>FPUEnable</name>
         <value>0x4055</value>
         <object_component_ref idref="oc-12c"/>
      </symbol>
      <symbol id="sm-559">
         <name>EPIModeSet</name>
         <value>0x4137</value>
         <object_component_ref idref="oc-25d"/>
      </symbol>
      <symbol id="sm-55a">
         <name>EPIConfigHB16Set</name>
         <value>0x3edd</value>
         <object_component_ref idref="oc-263"/>
      </symbol>
      <symbol id="sm-55b">
         <name>EPIAddressMapSet</name>
         <value>0x4133</value>
         <object_component_ref idref="oc-269"/>
      </symbol>
      <symbol id="sm-565">
         <name>CPUcpsie</name>
         <value>0x40b1</value>
         <object_component_ref idref="oc-24a"/>
      </symbol>
      <symbol id="sm-57e">
         <name>_nop</name>
         <value>0x3fe3</value>
         <object_component_ref idref="oc-88"/>
      </symbol>
      <symbol id="sm-57f">
         <name>_lock</name>
         <value>0x20000324</value>
         <object_component_ref idref="oc-1a6"/>
      </symbol>
      <symbol id="sm-580">
         <name>_unlock</name>
         <value>0x20000328</value>
         <object_component_ref idref="oc-1a6"/>
      </symbol>
      <symbol id="sm-581">
         <name>_register_lock</name>
         <value>0x3fdb</value>
         <object_component_ref idref="oc-88"/>
      </symbol>
      <symbol id="sm-582">
         <name>_register_unlock</name>
         <value>0x3fd5</value>
         <object_component_ref idref="oc-88"/>
      </symbol>
      <symbol id="sm-594">
         <name>_c_int00</name>
         <value>0x3bf1</value>
         <object_component_ref idref="oc-24"/>
      </symbol>
      <symbol id="sm-595">
         <name>__stack</name>
         <value>0x20000340</value>
         <object_component_ref idref="oc-29"/>
      </symbol>
      <symbol id="sm-5ac">
         <name>__TI_decompress_none</name>
         <value>0x40a3</value>
         <object_component_ref idref="oc-12"/>
      </symbol>
      <symbol id="sm-5cf">
         <name>__TI_decompress_rle24</name>
         <value>0x412d</value>
         <object_component_ref idref="oc-18"/>
      </symbol>
      <symbol id="sm-5e1">
         <name>__TI_zero_init</name>
         <value>0x40c9</value>
         <object_component_ref idref="oc-1e"/>
      </symbol>
      <symbol id="sm-600">
         <name>C$$EXIT</name>
         <value>0x3d1d</value>
         <object_component_ref idref="oc-76"/>
      </symbol>
      <symbol id="sm-601">
         <name>abort</name>
         <value>0x3d21</value>
         <object_component_ref idref="oc-76"/>
      </symbol>
      <symbol id="sm-602">
         <name>exit</name>
         <value>0x3d29</value>
         <object_component_ref idref="oc-76"/>
      </symbol>
      <symbol id="sm-603">
         <name>__TI_dtors_ptr</name>
         <value>0x20000330</value>
         <object_component_ref idref="oc-1a9"/>
      </symbol>
      <symbol id="sm-604">
         <name>__TI_cleanup_ptr</name>
         <value>0x2000032c</value>
         <object_component_ref idref="oc-1a9"/>
      </symbol>
      <symbol id="sm-61f">
         <name>memcpy</name>
         <value>0x38ed</value>
         <object_component_ref idref="oc-3f"/>
      </symbol>
      <symbol id="sm-620">
         <name>__aeabi_memcpy</name>
         <value>0x38ed</value>
         <object_component_ref idref="oc-3f"/>
      </symbol>
      <symbol id="sm-621">
         <name>__aeabi_memcpy8</name>
         <value>0x38ed</value>
         <object_component_ref idref="oc-3f"/>
      </symbol>
      <symbol id="sm-622">
         <name>__aeabi_memcpy4</name>
         <value>0x38ed</value>
         <object_component_ref idref="oc-3f"/>
      </symbol>
      <symbol id="sm-631">
         <name>__aeabi_memset</name>
         <value>0x398b</value>
         <object_component_ref idref="oc-58"/>
      </symbol>
      <symbol id="sm-632">
         <name>memset</name>
         <value>0x3991</value>
         <object_component_ref idref="oc-58"/>
      </symbol>
      <symbol id="sm-633">
         <name>__aeabi_memset8</name>
         <value>0x398b</value>
         <object_component_ref idref="oc-58"/>
      </symbol>
      <symbol id="sm-634">
         <name>__aeabi_memset4</name>
         <value>0x398b</value>
         <object_component_ref idref="oc-58"/>
      </symbol>
      <symbol id="sm-635">
         <name>__aeabi_memclr8</name>
         <value>0x3989</value>
         <object_component_ref idref="oc-58"/>
      </symbol>
      <symbol id="sm-636">
         <name>__aeabi_memclr4</name>
         <value>0x3989</value>
         <object_component_ref idref="oc-58"/>
      </symbol>
      <symbol id="sm-637">
         <name>__aeabi_memclr</name>
         <value>0x3989</value>
         <object_component_ref idref="oc-58"/>
      </symbol>
      <symbol id="sm-641">
         <name>_system_pre_init</name>
         <value>0x413f</value>
         <object_component_ref idref="oc-64"/>
      </symbol>
      <symbol id="sm-649">
         <name>main_func_sp</name>
         <value>0x2000033c</value>
         <object_component_ref idref="oc-7c"/>
      </symbol>
      <symbol id="sm-65b">
         <name>__aeabi_uidivmod</name>
         <value>0x3de3</value>
         <object_component_ref idref="oc-1fe"/>
      </symbol>
      <symbol id="sm-65c">
         <name>__aeabi_uidiv</name>
         <value>0x3de3</value>
         <object_component_ref idref="oc-1fe"/>
      </symbol>
      <symbol id="sm-671">
         <name>_args_main</name>
         <value>0x3f6d</value>
         <object_component_ref idref="oc-70"/>
      </symbol>
      <symbol id="sm-697">
         <name>__TI_auto_init</name>
         <value>0x3a05</value>
         <object_component_ref idref="oc-6a"/>
      </symbol>
      <symbol id="sm-6b1">
         <name>copy_in</name>
         <value>0x3c41</value>
         <object_component_ref idref="oc-19c"/>
      </symbol>
      <symbol id="sm-6bb">
         <name>__aeabi_idiv0</name>
         <value>0x3a03</value>
         <object_component_ref idref="oc-2b6"/>
      </symbol>
      <symbol id="sm-6ca">
         <name>_IQ24sin</name>
         <value>0x3839</value>
         <object_component_ref idref="oc-be"/>
      </symbol>
      <symbol id="sm-6d3">
         <name>_IQ24mpy</name>
         <value>0x4085</value>
         <object_component_ref idref="oc-c8"/>
      </symbol>
      <symbol id="sm-6e2">
         <name>_IQ24cos</name>
         <value>0x3781</value>
         <object_component_ref idref="oc-c3"/>
      </symbol>
      <symbol id="sm-6e6">
         <name>sincos_table</name>
         <value>0x2298</value>
         <object_component_ref idref="oc-20a"/>
      </symbol>
      <symbol id="sm-6e7">
         <name>__TI_static_base__</name>
         <value>0x0</value>
      </symbol>
      <symbol id="sm-6ea">
         <name>SHT$$INIT_ARRAY$$Limit</name>
         <value>0x0</value>
      </symbol>
      <symbol id="sm-6eb">
         <name>SHT$$INIT_ARRAY$$Base</name>
         <value>0x0</value>
      </symbol>
   </symbol_table>
   <title>Link successful</title>
</link_info>
